Archive member included to satisfy reference by file (symbol)

d:/soft/truestudio for arm 7.1.0/armtools/bin/../lib/gcc/arm-atollic-eabi/5.3.1/../../../../arm-atollic-eabi/lib/armv7e-m/fpu\libc_nano.a(lib_a-fpurge.o)
                              Src\DebitMachine.o (fpurge)
d:/soft/truestudio for arm 7.1.0/armtools/bin/../lib/gcc/arm-atollic-eabi/5.3.1/../../../../arm-atollic-eabi/lib/armv7e-m/fpu\libc_nano.a(lib_a-impure.o)
                              Src\DebitMachine.o (_impure_ptr)
d:/soft/truestudio for arm 7.1.0/armtools/bin/../lib/gcc/arm-atollic-eabi/5.3.1/../../../../arm-atollic-eabi/lib/armv7e-m/fpu\libc_nano.a(lib_a-init.o)
                              startup\startup_stm32l432xx.o (__libc_init_array)
d:/soft/truestudio for arm 7.1.0/armtools/bin/../lib/gcc/arm-atollic-eabi/5.3.1/../../../../arm-atollic-eabi/lib/armv7e-m/fpu\libc_nano.a(lib_a-memset.o)
                              Src\DebitMachine.o (memset)
d:/soft/truestudio for arm 7.1.0/armtools/bin/../lib/gcc/arm-atollic-eabi/5.3.1/../../../../arm-atollic-eabi/lib/armv7e-m/fpu\libc_nano.a(lib_a-nano-freer.o)
                              d:/soft/truestudio for arm 7.1.0/armtools/bin/../lib/gcc/arm-atollic-eabi/5.3.1/../../../../arm-atollic-eabi/lib/armv7e-m/fpu\libc_nano.a(lib_a-fpurge.o) (_free_r)
d:/soft/truestudio for arm 7.1.0/armtools/bin/../lib/gcc/arm-atollic-eabi/5.3.1/../../../../arm-atollic-eabi/lib/armv7e-m/fpu\libc_nano.a(lib_a-nano-mallocr.o)
                              d:/soft/truestudio for arm 7.1.0/armtools/bin/../lib/gcc/arm-atollic-eabi/5.3.1/../../../../arm-atollic-eabi/lib/armv7e-m/fpu\libc_nano.a(lib_a-nano-freer.o) (__malloc_free_list)
d:/soft/truestudio for arm 7.1.0/armtools/bin/../lib/gcc/arm-atollic-eabi/5.3.1/../../../../arm-atollic-eabi/lib/armv7e-m/fpu\libc_nano.a(lib_a-printf.o)
                              Src\DebitMachine.o (printf)
d:/soft/truestudio for arm 7.1.0/armtools/bin/../lib/gcc/arm-atollic-eabi/5.3.1/../../../../arm-atollic-eabi/lib/armv7e-m/fpu\libc_nano.a(lib_a-reent.o)
                              Src\syscalls.o (errno)
d:/soft/truestudio for arm 7.1.0/armtools/bin/../lib/gcc/arm-atollic-eabi/5.3.1/../../../../arm-atollic-eabi/lib/armv7e-m/fpu\libc_nano.a(lib_a-sbrkr.o)
                              d:/soft/truestudio for arm 7.1.0/armtools/bin/../lib/gcc/arm-atollic-eabi/5.3.1/../../../../arm-atollic-eabi/lib/armv7e-m/fpu\libc_nano.a(lib_a-nano-mallocr.o) (_sbrk_r)
d:/soft/truestudio for arm 7.1.0/armtools/bin/../lib/gcc/arm-atollic-eabi/5.3.1/../../../../arm-atollic-eabi/lib/armv7e-m/fpu\libc_nano.a(lib_a-scanf.o)
                              Src\DebitMachine.o (scanf)
d:/soft/truestudio for arm 7.1.0/armtools/bin/../lib/gcc/arm-atollic-eabi/5.3.1/../../../../arm-atollic-eabi/lib/armv7e-m/fpu\libc_nano.a(lib_a-snprintf.o)
                              Src\syscalls.o (snprintf)
d:/soft/truestudio for arm 7.1.0/armtools/bin/../lib/gcc/arm-atollic-eabi/5.3.1/../../../../arm-atollic-eabi/lib/armv7e-m/fpu\libc_nano.a(lib_a-strcat.o)
                              Src\DebitMachine.o (strcat)
d:/soft/truestudio for arm 7.1.0/armtools/bin/../lib/gcc/arm-atollic-eabi/5.3.1/../../../../arm-atollic-eabi/lib/armv7e-m/fpu\libc_nano.a(lib_a-strcpy.o)
                              Src\DebitMachine.o (strcpy)
d:/soft/truestudio for arm 7.1.0/armtools/bin/../lib/gcc/arm-atollic-eabi/5.3.1/../../../../arm-atollic-eabi/lib/armv7e-m/fpu\libc_nano.a(lib_a-strncpy.o)
                              Src\DebitMachine.o (strncpy)
d:/soft/truestudio for arm 7.1.0/armtools/bin/../lib/gcc/arm-atollic-eabi/5.3.1/../../../../arm-atollic-eabi/lib/armv7e-m/fpu\libc_nano.a(lib_a-strstr.o)
                              Src\DebitMachine.o (strstr)
d:/soft/truestudio for arm 7.1.0/armtools/bin/../lib/gcc/arm-atollic-eabi/5.3.1/../../../../arm-atollic-eabi/lib/armv7e-m/fpu\libc_nano.a(lib_a-findfp.o)
                              d:/soft/truestudio for arm 7.1.0/armtools/bin/../lib/gcc/arm-atollic-eabi/5.3.1/../../../../arm-atollic-eabi/lib/armv7e-m/fpu\libc_nano.a(lib_a-fpurge.o) (__sinit)
d:/soft/truestudio for arm 7.1.0/armtools/bin/../lib/gcc/arm-atollic-eabi/5.3.1/../../../../arm-atollic-eabi/lib/armv7e-m/fpu\libc_nano.a(lib_a-fwalk.o)
                              d:/soft/truestudio for arm 7.1.0/armtools/bin/../lib/gcc/arm-atollic-eabi/5.3.1/../../../../arm-atollic-eabi/lib/armv7e-m/fpu\libc_nano.a(lib_a-findfp.o) (_fwalk)
d:/soft/truestudio for arm 7.1.0/armtools/bin/../lib/gcc/arm-atollic-eabi/5.3.1/../../../../arm-atollic-eabi/lib/armv7e-m/fpu\libc_nano.a(lib_a-mlock.o)
                              d:/soft/truestudio for arm 7.1.0/armtools/bin/../lib/gcc/arm-atollic-eabi/5.3.1/../../../../arm-atollic-eabi/lib/armv7e-m/fpu\libc_nano.a(lib_a-nano-freer.o) (__malloc_lock)
d:/soft/truestudio for arm 7.1.0/armtools/bin/../lib/gcc/arm-atollic-eabi/5.3.1/../../../../arm-atollic-eabi/lib/armv7e-m/fpu\libc_nano.a(lib_a-nano-svfprintf.o)
[...]
Memory Configuration

Name             Origin             Length             Attributes
RAM              0x20000000         0x0000c000         xrw
RAM2             0x10000000         0x00004000         xrw
FLASH            0x08000000         0x00040000         xr
*default*        0x00000000         0xffffffff

Linker script and memory map

LOAD d:/soft/truestudio for arm 7.1.0/armtools/bin/../lib/gcc/arm-atollic-eabi/5.3.1/armv7e-m/fpu/crti.o
LOAD d:/soft/truestudio for arm 7.1.0/armtools/bin/../lib/gcc/arm-atollic-eabi/5.3.1/armv7e-m/fpu/crtbegin.o
LOAD Drivers\STM32L4xx_HAL_Driver\Src\stm32l4xx_hal.o
LOAD Drivers\STM32L4xx_HAL_Driver\Src\stm32l4xx_hal_adc.o
LOAD Drivers\STM32L4xx_HAL_Driver\Src\stm32l4xx_hal_adc_ex.o
LOAD Drivers\STM32L4xx_HAL_Driver\Src\stm32l4xx_hal_cortex.o
LOAD Drivers\STM32L4xx_HAL_Driver\Src\stm32l4xx_hal_dma.o
LOAD Drivers\STM32L4xx_HAL_Driver\Src\stm32l4xx_hal_flash.o
LOAD Drivers\STM32L4xx_HAL_Driver\Src\stm32l4xx_hal_flash_ex.o
LOAD Drivers\STM32L4xx_HAL_Driver\Src\stm32l4xx_hal_flash_ramfunc.o
LOAD Drivers\STM32L4xx_HAL_Driver\Src\stm32l4xx_hal_gpio.o
LOAD Drivers\STM32L4xx_HAL_Driver\Src\stm32l4xx_hal_i2c.o
LOAD Drivers\STM32L4xx_HAL_Driver\Src\stm32l4xx_hal_i2c_ex.o
LOAD Drivers\STM32L4xx_HAL_Driver\Src\stm32l4xx_hal_pwr.o
LOAD Drivers\STM32L4xx_HAL_Driver\Src\stm32l4xx_hal_pwr_ex.o
LOAD Drivers\STM32L4xx_HAL_Driver\Src\stm32l4xx_hal_rcc.o
LOAD Drivers\STM32L4xx_HAL_Driver\Src\stm32l4xx_hal_rcc_ex.o
LOAD Drivers\STM32L4xx_HAL_Driver\Src\stm32l4xx_hal_tim.o
LOAD Drivers\STM32L4xx_HAL_Driver\Src\stm32l4xx_hal_tim_ex.o
LOAD Drivers\STM32L4xx_HAL_Driver\Src\stm32l4xx_hal_uart.o
LOAD Drivers\STM32L4xx_HAL_Driver\Src\stm32l4xx_hal_uart_ex.o
LOAD Src\DebitMachine.o
LOAD Src\HD44780_F3.o
LOAD Src\debounce.o
LOAD Src\main.o
LOAD Src\soundDriver.o
LOAD Src\stm32l4xx_hal_msp.o
LOAD Src\stm32l4xx_it.o
LOAD Src\syscalls.o
LOAD Src\system_stm32l4xx.o
LOAD startup\startup_stm32l432xx.o
START GROUP
LOAD d:/soft/truestudio for arm 7.1.0/armtools/bin/../lib/gcc/arm-atollic-eabi/5.3.1/../../../../arm-atollic-eabi/lib/armv7e-m/fpu\libc_nano.a
LOAD d:/soft/truestudio for arm 7.1.0/armtools/bin/../lib/gcc/arm-atollic-eabi/5.3.1/../../../../arm-atollic-eabi/lib/armv7e-m/fpu\libm.a
END GROUP
                0x00000080                malloc_getpagesize_P = 0x80
START GROUP
LOAD d:/soft/truestudio for arm 7.1.0/armtools/bin/../lib/gcc/arm-atollic-eabi/5.3.1/armv7e-m/fpu\libgcc.a
LOAD d:/soft/truestudio for arm 7.1.0/armtools/bin/../lib/gcc/arm-atollic-eabi/5.3.1/../../../../arm-atollic-eabi/lib/armv7e-m/fpu\libc_nano.a
END GROUP
START GROUP
LOAD d:/soft/truestudio for arm 7.1.0/armtools/bin/../lib/gcc/arm-atollic-eabi/5.3.1/armv7e-m/fpu\libgcc.a
LOAD d:/soft/truestudio for arm 7.1.0/armtools/bin/../lib/gcc/arm-atollic-eabi/5.3.1/../../../../arm-atollic-eabi/lib/armv7e-m/fpu\libc_nano.a
LOAD d:/soft/truestudio for arm 7.1.0/armtools/bin/../lib/gcc/arm-atollic-eabi/5.3.1/../../../../arm-atollic-eabi/lib/armv7e-m/fpu\libnosys.a
END GROUP
START GROUP
LOAD d:/soft/truestudio for arm 7.1.0/armtools/bin/../lib/gcc/arm-atollic-eabi/5.3.1/armv7e-m/fpu\libgcc.a
LOAD d:/soft/truestudio for arm 7.1.0/armtools/bin/../lib/gcc/arm-atollic-eabi/5.3.1/../../../../arm-atollic-eabi/lib/armv7e-m/fpu\libc_nano.a
LOAD d:/soft/truestudio for arm 7.1.0/armtools/bin/../lib/gcc/arm-atollic-eabi/5.3.1/../../../../arm-atollic-eabi/lib/armv7e-m/fpu\libnosys.a
END GROUP
LOAD d:/soft/truestudio for arm 7.1.0/armtools/bin/../lib/gcc/arm-atollic-eabi/5.3.1/armv7e-m/fpu/crtend.o
LOAD d:/soft/truestudio for arm 7.1.0/armtools/bin/../lib/gcc/arm-atollic-eabi/5.3.1/armv7e-m/fpu/crtn.o
                0x2000c000                _estack = 0x2000c000
                0x00000200                _Min_Heap_Size = 0x200
                0x00000400                _Min_Stack_Size = 0x400

.isr_vector     0x08000000      0x18c
                0x08000000                . = ALIGN (0x4)
 *(.isr_vector)
 .isr_vector    0x08000000      0x18c startup\startup_stm32l432xx.o
                0x08000000                g_pfnVectors
                0x0800018c                . = ALIGN (0x4)

.text           0x08000190     0x4a4c
                0x08000190                . = ALIGN (0x4)
 *(.text)
 .text          0x08000190       0x40 d:/soft/truestudio for arm 7.1.0/armtools/bin/../lib/gcc/arm-atollic-eabi/5.3.1/armv7e-m/fpu/crtbegin.o
 .text          0x080001d0       0xa0 d:/soft/truestudio for arm 7.1.0/armtools/bin/../lib/gcc/arm-atollic-eabi/5.3.1/../../../../arm-atollic-eabi/lib/armv7e-m/fpu\libc_nano.a(lib_a-memchr.o)
                0x080001d0                memchr
 .text          0x08000270       0x30 d:/soft/truestudio for arm 7.1.0/armtools/bin/../lib/gcc/arm-atollic-eabi/5.3.1/armv7e-m/fpu\libgcc.a(_aeabi_uldivmod.o)
                0x08000270                __aeabi_uldivmod
 .text          0x080002a0      0x2e4 d:/soft/truestudio for arm 7.1.0/armtools/bin/../lib/gcc/arm-atollic-eabi/5.3.1/armv7e-m/fpu\libgcc.a(_udivmoddi4.o)
                0x080002a0                __udivmoddi4
 .text          0x08000584        0x4 d:/soft/truestudio for arm 7.1.0/armtools/bin/../lib/gcc/arm-atollic-eabi/5.3.1/armv7e-m/fpu\libgcc.a(_dvmd_tls.o)
                0x08000584                __aeabi_idiv0
                0x08000584                __aeabi_ldiv0
 *(.text*)
 .text.HAL_InitTick
                0x08000588       0x28 Drivers\STM32L4xx_HAL_Driver\Src\stm32l4xx_hal.o
                0x08000588                HAL_InitTick
 .text.HAL_Init
                0x080005b0       0x16 Drivers\STM32L4xx_HAL_Driver\Src\stm32l4xx_hal.o
                0x080005b0                HAL_Init
 *fill*         0x080005c6        0x2 
 .text.HAL_IncTick
                0x080005c8       0x10 Drivers\STM32L4xx_HAL_Driver\Src\stm32l4xx_hal.o
                0x080005c8                HAL_IncTick
 .text.HAL_GetTick
                0x080005d8        0xc Drivers\STM32L4xx_HAL_Driver\Src\stm32l4xx_hal.o
                0x080005d8                HAL_GetTick
 .text.HAL_Delay
                0x080005e4       0x16 Drivers\STM32L4xx_HAL_Driver\Src\stm32l4xx_hal.o
                0x080005e4                HAL_Delay
 *fill*         0x080005fa        0x2 
 .text.HAL_NVIC_SetPriorityGrouping
                0x080005fc       0x24 Drivers\STM32L4xx_HAL_Driver\Src\stm32l4xx_hal_cortex.o
                0x080005fc                HAL_NVIC_SetPriorityGrouping
 .text.HAL_NVIC_SetPriority
                0x08000620       0x68 Drivers\STM32L4xx_HAL_Driver\Src\stm32l4xx_hal_cortex.o
                0x08000620                HAL_NVIC_SetPriority
 .text.HAL_SYSTICK_Config
                0x08000688       0x2c Drivers\STM32L4xx_HAL_Driver\Src\stm32l4xx_hal_cortex.o
                0x08000688                HAL_SYSTICK_Config
 .text.HAL_SYSTICK_CLKSourceConfig
                0x080006b4       0x18 Drivers\STM32L4xx_HAL_Driver\Src\stm32l4xx_hal_cortex.o
                0x080006b4                HAL_SYSTICK_CLKSourceConfig
 .text.HAL_SYSTICK_Callback
                0x080006cc        0x2 Drivers\STM32L4xx_HAL_Driver\Src\stm32l4xx_hal_cortex.o
                0x080006cc                HAL_SYSTICK_Callback
 .text.HAL_SYSTICK_IRQHandler
                0x080006ce        0x8 Drivers\STM32L4xx_HAL_Driver\Src\stm32l4xx_hal_cortex.o
                0x080006ce                HAL_SYSTICK_IRQHandler
 *fill*         0x080006d6        0x2 
 .text.HAL_GPIO_Init
                0x080006d8      0x178 Drivers\STM32L4xx_HAL_Driver\Src\stm32l4xx_hal_gpio.o
                0x080006d8                HAL_GPIO_Init
 .text.HAL_GPIO_ReadPin
                0x08000850        0xc Drivers\STM32L4xx_HAL_Driver\Src\stm32l4xx_hal_gpio.o
                0x08000850                HAL_GPIO_ReadPin
 .text.HAL_GPIO_WritePin
                0x0800085c        0xa Drivers\STM32L4xx_HAL_Driver\Src\stm32l4xx_hal_gpio.o
                0x0800085c                HAL_GPIO_WritePin
 *fill*         0x08000866        0x2 
 .text.HAL_PWREx_GetVoltageRange
                0x08000868       0x10 Drivers\STM32L4xx_HAL_Driver\Src\stm32l4xx_hal_pwr_ex.o
                0x08000868                HAL_PWREx_GetVoltageRange
 .text.HAL_PWREx_ControlVoltageScaling
                0x08000878       0x6c Drivers\STM32L4xx_HAL_Driver\Src\stm32l4xx_hal_pwr_ex.o
                0x08000878                HAL_PWREx_ControlVoltageScaling
 .text.RCC_SetFlashLatencyFromMSIRange
                0x080008e4       0x84 Drivers\STM32L4xx_HAL_Driver\Src\stm32l4xx_hal_rcc.o
 .text.HAL_RCC_GetSysClockFreq
                0x08000968      0x13c Drivers\STM32L4xx_HAL_Driver\Src\stm32l4xx_hal_rcc.o
                0x08000968                HAL_RCC_GetSysClockFreq
 .text.HAL_RCC_OscConfig
                0x08000aa4      0x4e4 Drivers\STM32L4xx_HAL_Driver\Src\stm32l4xx_hal_rcc.o
                0x08000aa4                HAL_RCC_OscConfig
 .text.HAL_RCC_ClockConfig
                0x08000f88      0x170 Drivers\STM32L4xx_HAL_Driver\Src\stm32l4xx_hal_rcc.o
                0x08000f88                HAL_RCC_ClockConfig
 .text.HAL_RCC_GetHCLKFreq
                0x080010f8        0xc Drivers\STM32L4xx_HAL_Driver\Src\stm32l4xx_hal_rcc.o
                0x080010f8                HAL_RCC_GetHCLKFreq
 .text.HAL_RCC_GetPCLK1Freq
                0x08001104       0x30 Drivers\STM32L4xx_HAL_Driver\Src\stm32l4xx_hal_rcc.o
                0x08001104                HAL_RCC_GetPCLK1Freq
 .text.HAL_RCC_GetPCLK2Freq
                0x08001134       0x30 Drivers\STM32L4xx_HAL_Driver\Src\stm32l4xx_hal_rcc.o
                0x08001134                HAL_RCC_GetPCLK2Freq
 .text.RCCEx_PLLSAI1_Config
                0x08001164      0x170 Drivers\STM32L4xx_HAL_Driver\Src\stm32l4xx_hal_rcc_ex.o
 .text.HAL_RCCEx_PeriphCLKConfig
                0x080012d4      0x284 Drivers\STM32L4xx_HAL_Driver\Src\stm32l4xx_hal_rcc_ex.o
                0x080012d4                HAL_RCCEx_PeriphCLKConfig
 .text.TIM_OC1_SetConfig
                0x08001558       0x78 Drivers\STM32L4xx_HAL_Driver\Src\stm32l4xx_hal_tim.o
 .text.TIM_OC3_SetConfig
                0x080015d0       0x70 Drivers\STM32L4xx_HAL_Driver\Src\stm32l4xx_hal_tim.o
 .text.TIM_OC4_SetConfig
                0x08001640       0x58 Drivers\STM32L4xx_HAL_Driver\Src\stm32l4xx_hal_tim.o
 .text.TIM_OC5_SetConfig
                0x08001698       0x58 Drivers\STM32L4xx_HAL_Driver\Src\stm32l4xx_hal_tim.o
 .text.TIM_OC6_SetConfig
                0x080016f0       0x58 Drivers\STM32L4xx_HAL_Driver\Src\stm32l4xx_hal_tim.o
 .text.TIM_Base_SetConfig
                0x08001748       0x6c Drivers\STM32L4xx_HAL_Driver\Src\stm32l4xx_hal_tim.o
                0x08001748                TIM_Base_SetConfig
 .text.HAL_TIM_PWM_Init
                0x080017b4       0x34 Drivers\STM32L4xx_HAL_Driver\Src\stm32l4xx_hal_tim.o
                0x080017b4                HAL_TIM_PWM_Init
 .text.TIM_OC2_SetConfig
                0x080017e8       0x74 Drivers\STM32L4xx_HAL_Driver\Src\stm32l4xx_hal_tim.o
                0x080017e8                TIM_OC2_SetConfig
 .text.HAL_TIM_PWM_ConfigChannel
                0x0800185c      0x10c Drivers\STM32L4xx_HAL_Driver\Src\stm32l4xx_hal_tim.o
                0x0800185c                HAL_TIM_PWM_ConfigChannel
 .text.TIM_CCxChannelCmd
                0x08001968       0x1a Drivers\STM32L4xx_HAL_Driver\Src\stm32l4xx_hal_tim.o
                0x08001968                TIM_CCxChannelCmd
 *fill*         0x08001982        0x2 
 .text.HAL_TIM_PWM_Stop
                0x08001984       0x6c Drivers\STM32L4xx_HAL_Driver\Src\stm32l4xx_hal_tim.o
                0x08001984                HAL_TIM_PWM_Stop
 .text.TIM_CCxNChannelCmd
                0x080019f0       0x1a Drivers\STM32L4xx_HAL_Driver\Src\stm32l4xx_hal_tim_ex.o
 .text.HAL_TIMEx_PWMN_Start
                0x08001a0a       0x22 Drivers\STM32L4xx_HAL_Driver\Src\stm32l4xx_hal_tim_ex.o
                0x08001a0a                HAL_TIMEx_PWMN_Start
 .text.HAL_TIMEx_OnePulseN_Stop
                0x08001a2c       0x4a Drivers\STM32L4xx_HAL_Driver\Src\stm32l4xx_hal_tim_ex.o
                0x08001a2c                HAL_TIMEx_OnePulseN_Stop
 .text.HAL_TIMEx_PWMN_Stop
                0x08001a76        0x4 Drivers\STM32L4xx_HAL_Driver\Src\stm32l4xx_hal_tim_ex.o
                0x08001a76                HAL_TIMEx_PWMN_Stop
 *fill*         0x08001a7a        0x2 
 .text.HAL_TIMEx_MasterConfigSynchronization
                0x08001a7c       0x44 Drivers\STM32L4xx_HAL_Driver\Src\stm32l4xx_hal_tim_ex.o
                0x08001a7c                HAL_TIMEx_MasterConfigSynchronization
 .text.HAL_TIMEx_ConfigBreakDeadTime
                0x08001ac0       0x7c Drivers\STM32L4xx_HAL_Driver\Src\stm32l4xx_hal_tim_ex.o
                0x08001ac0                HAL_TIMEx_ConfigBreakDeadTime
 .text.UART_SetConfig
                0x08001b3c      0x234 Drivers\STM32L4xx_HAL_Driver\Src\stm32l4xx_hal_uart.o
                0x08001b3c                UART_SetConfig
 .text.UART_AdvFeatureConfig
                0x08001d70       0xa8 Drivers\STM32L4xx_HAL_Driver\Src\stm32l4xx_hal_uart.o
                0x08001d70                UART_AdvFeatureConfig
 .text.UART_WaitOnFlagUntilTimeout
                0x08001e18       0x62 Drivers\STM32L4xx_HAL_Driver\Src\stm32l4xx_hal_uart.o
                0x08001e18                UART_WaitOnFlagUntilTimeout
 .text.HAL_UART_Transmit
                0x08001e7a       0xb4 Drivers\STM32L4xx_HAL_Driver\Src\stm32l4xx_hal_uart.o
                0x08001e7a                HAL_UART_Transmit
 .text.HAL_UART_Receive
                0x08001f2e       0xdc Drivers\STM32L4xx_HAL_Driver\Src\stm32l4xx_hal_uart.o
                0x08001f2e                HAL_UART_Receive
 .text.UART_CheckIdleState
                0x0800200a       0x68 Drivers\STM32L4xx_HAL_Driver\Src\stm32l4xx_hal_uart.o
                0x0800200a                UART_CheckIdleState
 .text.HAL_UART_Init
                0x08002072       0x64 Drivers\STM32L4xx_HAL_Driver\Src\stm32l4xx_hal_uart.o
                0x08002072                HAL_UART_Init
 .text.initDebitMachine
                0x080020d6       0x32 Src\DebitMachine.o
                0x080020d6                initDebitMachine
 .text.waitAndGetBtnPressed
                0x08002108       0x4a Src\DebitMachine.o
                0x08002108                waitAndGetBtnPressed
 *fill*         0x08002152        0x2 
 .text.showOkCancelTextOnLcd
                0x08002154       0x2c Src\DebitMachine.o
                0x08002154                showOkCancelTextOnLcd
 .text.welcomeState
                0x08002180       0x7c Src\DebitMachine.o
                0x08002180                welcomeState
 .text.amountState
                0x080021fc       0x44 Src\DebitMachine.o
                0x080021fc                amountState
 .text.chqSavState
                0x08002240       0x60 Src\DebitMachine.o
                0x08002240                chqSavState
 .text.pwdDigitChoseAndDisplay
                0x080022a0       0x48 Src\DebitMachine.o
                0x080022a0                pwdDigitChoseAndDisplay
 .text.pinCodeEdit
                0x080022e8       0xa4 Src\DebitMachine.o
                0x080022e8                pinCodeEdit
 .text.pinCodeState
                0x0800238c       0x34 Src\DebitMachine.o
                0x0800238c                pinCodeState
 .text.prooveTransactionState
                0x080023c0       0x8c Src\DebitMachine.o
                0x080023c0                prooveTransactionState
 .text.cancelState
                0x0800244c       0x54 Src\DebitMachine.o
                0x0800244c                cancelState
 .text.debitMachineHandleStates
                0x080024a0       0x34 Src\DebitMachine.o
                0x080024a0                debitMachineHandleStates
 .text.GPIO_SetBits
                0x080024d4        0x6 Src\HD44780_F3.o
                0x080024d4                GPIO_SetBits
 .text.GPIO_ResetBits
                0x080024da        0x6 Src\HD44780_F3.o
                0x080024da                GPIO_ResetBits
 .text.hd44780_wr_hi_nibble
                0x080024e0       0x78 Src\HD44780_F3.o
                0x080024e0                hd44780_wr_hi_nibble
 .text.hd44780_wr_lo_nibble
                0x08002558       0x78 Src\HD44780_F3.o
                0x08002558                hd44780_wr_lo_nibble
 .text.hd44780_write
                0x080025d0       0x12 Src\HD44780_F3.o
                0x080025d0                hd44780_write
 *fill*         0x080025e2        0x2 
 .text.hd44780_wr_cmd
                0x080025e4       0x1c Src\HD44780_F3.o
                0x080025e4                hd44780_wr_cmd
 .text.hd44780_wr_data
                0x08002600       0x1c Src\HD44780_F3.o
                0x08002600                hd44780_wr_data
 .text.HD44780_Init
                0x0800261c       0xb0 Src\HD44780_F3.o
                0x0800261c                HD44780_Init
 .text.HD44780_PutChar
                0x080026cc        0x4 Src\HD44780_F3.o
                0x080026cc                HD44780_PutChar
 .text.HD44780_GotoXY
                0x080026d0       0x1c Src\HD44780_F3.o
                0x080026d0                HD44780_GotoXY
 .text.HD44780_PutStr
                0x080026ec       0x22 Src\HD44780_F3.o
                0x080026ec                HD44780_PutStr
 .text.HD44780_ClrScr
                0x0800270e        0x6 Src\HD44780_F3.o
                0x0800270e                HD44780_ClrScr
 .text.deBounceInit
                0x08002714       0xb8 Src\debounce.o
                0x08002714                deBounceInit
 .text.deBounceReadPin
                0x080027cc       0xf4 Src\debounce.o
                0x080027cc                deBounceReadPin
 .text.SystemClock_Config
                0x080028c0       0xac Src\main.o
                0x080028c0                SystemClock_Config
 .text.startup.main
                0x0800296c      0x138 Src\main.o
                0x0800296c                main
 .text.Error_Handler
                0x08002aa4        0x2 Src\main.o
                0x08002aa4                Error_Handler
 *fill*         0x08002aa6        0x2 
 .text.playNote
                0x08002aa8       0x2c Src\soundDriver.o
                0x08002aa8                playNote
 .text.HAL_MspInit
                0x08002ad4       0x8c Src\stm32l4xx_hal_msp.o
                0x08002ad4                HAL_MspInit
 .text.HAL_TIM_PWM_MspInit
                0x08002b60       0x28 Src\stm32l4xx_hal_msp.o
                0x08002b60                HAL_TIM_PWM_MspInit
 .text.HAL_TIM_MspPostInit
                0x08002b88       0x30 Src\stm32l4xx_hal_msp.o
                0x08002b88                HAL_TIM_MspPostInit
 .text.HAL_UART_MspInit
                0x08002bb8       0x60 Src\stm32l4xx_hal_msp.o
                0x08002bb8                HAL_UART_MspInit
 .text.SysTick_Handler
                0x08002c18        0xe Src\stm32l4xx_it.o
                0x08002c18                SysTick_Handler
 *fill*         0x08002c26        0x2 
 .text._write   0x08002c28       0x54 Src\syscalls.o
                0x08002c28                _write
 .text._sbrk    0x08002c7c       0x1c Src\syscalls.o
                0x08002c7c                _sbrk
 .text._close   0x08002c98       0x10 Src\syscalls.o
                0x08002c98                _close
 .text._fstat   0x08002ca8       0x10 Src\syscalls.o
                0x08002ca8                _fstat
 .text._isatty  0x08002cb8       0x10 Src\syscalls.o
                0x08002cb8                _isatty
 .text._lseek   0x08002cc8       0x10 Src\syscalls.o
                0x08002cc8                _lseek
 .text._read    0x08002cd8       0x18 Src\syscalls.o
                0x08002cd8                _read
 .text.SystemInit
                0x08002cf0       0x48 Src\system_stm32l4xx.o
                0x08002cf0                SystemInit
 .text.Reset_Handler
                0x08002d38       0x50 startup\startup_stm32l432xx.o
                0x08002d38                Reset_Handler
 .text.Default_Handler
                0x08002d88        0x2 startup\startup_stm32l432xx.o
                0x08002d88                RTC_Alarm_IRQHandler
                0x08002d88                EXTI2_IRQHandler
                0x08002d88                DebugMon_Handler
                0x08002d88                TIM1_CC_IRQHandler
                0x08002d88                TSC_IRQHandler
                0x08002d88                HardFault_Handler
                0x08002d88                TAMP_STAMP_IRQHandler
                0x08002d88                PendSV_Handler
                0x08002d88                NMI_Handler
                0x08002d88                EXTI3_IRQHandler
                0x08002d88                LPTIM2_IRQHandler
                0x08002d88                I2C3_ER_IRQHandler
                0x08002d88                EXTI0_IRQHandler
                0x08002d88                CAN1_RX0_IRQHandler
                0x08002d88                FPU_IRQHandler
                0x08002d88                TIM1_UP_TIM16_IRQHandler
                0x08002d88                UsageFault_Handler
                0x08002d88                SPI1_IRQHandler
                0x08002d88                TIM6_DAC_IRQHandler
                0x08002d88                DMA2_Channel2_IRQHandler
                0x08002d88                DMA1_Channel4_IRQHandler
                0x08002d88                ADC1_IRQHandler
                0x08002d88                DMA1_Channel7_IRQHandler
                0x08002d88                CAN1_RX1_IRQHandler
                0x08002d88                DMA2_Channel1_IRQHandler
                0x08002d88                QUADSPI_IRQHandler
                0x08002d88                I2C1_EV_IRQHandler
                0x08002d88                DMA1_Channel6_IRQHandler
                0x08002d88                DMA2_Channel4_IRQHandler
                0x08002d88                RCC_IRQHandler
                0x08002d88                TIM1_TRG_COM_IRQHandler
                0x08002d88                DMA1_Channel1_IRQHandler
                0x08002d88                Default_Handler
                0x08002d88                DMA2_Channel7_IRQHandler
                0x08002d88                EXTI15_10_IRQHandler
                0x08002d88                TIM7_IRQHandler
                0x08002d88                I2C3_EV_IRQHandler
                0x08002d88                USB_IRQHandler
                0x08002d88                EXTI9_5_IRQHandler
                0x08002d88                RTC_WKUP_IRQHandler
                0x08002d88                PVD_PVM_IRQHandler
                0x08002d88                MemManage_Handler
                0x08002d88                CAN1_TX_IRQHandler
                0x08002d88                SVC_Handler
                0x08002d88                DMA2_Channel5_IRQHandler
                0x08002d88                CRS_IRQHandler
                0x08002d88                DMA1_Channel5_IRQHandler
                0x08002d88                EXTI4_IRQHandler
                0x08002d88                RNG_IRQHandler
                0x08002d88                DMA1_Channel3_IRQHandler
                0x08002d88                COMP_IRQHandler
                0x08002d88                WWDG_IRQHandler
                0x08002d88                LPUART1_IRQHandler
                0x08002d88                DMA2_Channel6_IRQHandler
                0x08002d88                TIM2_IRQHandler
                0x08002d88                EXTI1_IRQHandler
                0x08002d88                USART2_IRQHandler
                0x08002d88                DMA1_Channel2_IRQHandler
                0x08002d88                CAN1_SCE_IRQHandler
                0x08002d88                FLASH_IRQHandler
                0x08002d88                BusFault_Handler
                0x08002d88                USART1_IRQHandler
                0x08002d88                SPI3_IRQHandler
                0x08002d88                I2C1_ER_IRQHandler
                0x08002d88                SWPMI1_IRQHandler
                0x08002d88                LPTIM1_IRQHandler
                0x08002d88                SAI1_IRQHandler
                0x08002d88                DMA2_Channel3_IRQHandler
                0x08002d88                TIM1_BRK_TIM15_IRQHandler
 *fill*         0x08002d8a        0x2 
 .text._fpurge_r
                0x08002d8c       0x7c d:/soft/truestudio for arm 7.1.0/armtools/bin/../lib/gcc/arm-atollic-eabi/5.3.1/../../../../arm-atollic-eabi/lib/armv7e-m/fpu\libc_nano.a(lib_a-fpurge.o)
                0x08002d8c                _fpurge_r
 .text.fpurge   0x08002e08       0x10 d:/soft/truestudio for arm 7.1.0/armtools/bin/../lib/gcc/arm-atollic-eabi/5.3.1/../../../../arm-atollic-eabi/lib/armv7e-m/fpu\libc_nano.a(lib_a-fpurge.o)
                0x08002e08                fpurge
 .text.__libc_init_array
                0x08002e18       0x4c d:/soft/truestudio for arm 7.1.0/armtools/bin/../lib/gcc/arm-atollic-eabi/5.3.1/../../../../arm-atollic-eabi/lib/armv7e-m/fpu\libc_nano.a(lib_a-init.o)
                0x08002e18                __libc_init_array
 .text.memset   0x08002e64       0x10 d:/soft/truestudio for arm 7.1.0/armtools/bin/../lib/gcc/arm-atollic-eabi/5.3.1/../../../../arm-atollic-eabi/lib/armv7e-m/fpu\libc_nano.a(lib_a-memset.o)
                0x08002e64                memset
 .text._free_r  0x08002e74       0x9c d:/soft/truestudio for arm 7.1.0/armtools/bin/../lib/gcc/arm-atollic-eabi/5.3.1/../../../../arm-atollic-eabi/lib/armv7e-m/fpu\libc_nano.a(lib_a-nano-freer.o)
                0x08002e74                _free_r
 .text._malloc_r
                0x08002f10       0xbc d:/soft/truestudio for arm 7.1.0/armtools/bin/../lib/gcc/arm-atollic-eabi/5.3.1/../../../../arm-atollic-eabi/lib/armv7e-m/fpu\libc_nano.a(lib_a-nano-mallocr.o)
                0x08002f10                _malloc_r
 .text.printf   0x08002fcc       0x30 d:/soft/truestudio for arm 7.1.0/armtools/bin/../lib/gcc/arm-atollic-eabi/5.3.1/../../../../arm-atollic-eabi/lib/armv7e-m/fpu\libc_nano.a(lib_a-printf.o)
                0x08002fcc                iprintf
                0x08002fcc                printf
 .text._sbrk_r  0x08002ffc       0x20 d:/soft/truestudio for arm 7.1.0/armtools/bin/../lib/gcc/arm-atollic-eabi/5.3.1/../../../../arm-atollic-eabi/lib/armv7e-m/fpu\libc_nano.a(lib_a-sbrkr.o)
                0x08002ffc                _sbrk_r
 .text.scanf    0x0800301c       0x30 d:/soft/truestudio for arm 7.1.0/armtools/bin/../lib/gcc/arm-atollic-eabi/5.3.1/../../../../arm-atollic-eabi/lib/armv7e-m/fpu\libc_nano.a(lib_a-scanf.o)
                0x0800301c                scanf
                0x0800301c                iscanf
 .text.snprintf
                0x0800304c       0x64 d:/soft/truestudio for arm 7.1.0/armtools/bin/../lib/gcc/arm-atollic-eabi/5.3.1/../../../../arm-atollic-eabi/lib/armv7e-m/fpu\libc_nano.a(lib_a-snprintf.o)
                0x0800304c                sniprintf
                0x0800304c                snprintf
 .text.strcat   0x080030b0       0x1e d:/soft/truestudio for arm 7.1.0/armtools/bin/../lib/gcc/arm-atollic-eabi/5.3.1/../../../../arm-atollic-eabi/lib/armv7e-m/fpu\libc_nano.a(lib_a-strcat.o)
                0x080030b0                strcat
 .text.strcpy   0x080030ce       0x10 d:/soft/truestudio for arm 7.1.0/armtools/bin/../lib/gcc/arm-atollic-eabi/5.3.1/../../../../arm-atollic-eabi/lib/armv7e-m/fpu\libc_nano.a(lib_a-strcpy.o)
                0x080030ce                strcpy
 .text.strncpy  0x080030de       0x26 d:/soft/truestudio for arm 7.1.0/armtools/bin/../lib/gcc/arm-atollic-eabi/5.3.1/../../../../arm-atollic-eabi/lib/armv7e-m/fpu\libc_nano.a(lib_a-strncpy.o)
                0x080030de                strncpy
 .text.strstr   0x08003104       0x34 d:/soft/truestudio for arm 7.1.0/armtools/bin/../lib/gcc/arm-atollic-eabi/5.3.1/../../../../arm-atollic-eabi/lib/armv7e-m/fpu\libc_nano.a(lib_a-strstr.o)
                0x08003104                strstr
 .text._cleanup_r
                0x08003138        0xc d:/soft/truestudio for arm 7.1.0/armtools/bin/../lib/gcc/arm-atollic-eabi/5.3.1/../../../../arm-atollic-eabi/lib/armv7e-m/fpu\libc_nano.a(lib_a-findfp.o)
                0x08003138                _cleanup_r
 .text.std.isra.0
                0x08003144       0x48 d:/soft/truestudio for arm 7.1.0/armtools/bin/../lib/gcc/arm-atollic-eabi/5.3.1/../../../../arm-atollic-eabi/lib/armv7e-m/fpu\libc_nano.a(lib_a-findfp.o)
 .text.__sfmoreglue
                0x0800318c       0x2c d:/soft/truestudio for arm 7.1.0/armtools/bin/../lib/gcc/arm-atollic-eabi/5.3.1/../../../../arm-atollic-eabi/lib/armv7e-m/fpu\libc_nano.a(lib_a-findfp.o)
                0x0800318c                __sfmoreglue
 .text.__sinit  0x080031b8       0x60 d:/soft/truestudio for arm 7.1.0/armtools/bin/../lib/gcc/arm-atollic-eabi/5.3.1/../../../../arm-atollic-eabi/lib/armv7e-m/fpu\libc_nano.a(lib_a-findfp.o)
                0x080031b8                __sinit
 .text.__sfp    0x08003218       0x78 d:/soft/truestudio for arm 7.1.0/armtools/bin/../lib/gcc/arm-atollic-eabi/5.3.1/../../../../arm-atollic-eabi/lib/armv7e-m/fpu\libc_nano.a(lib_a-findfp.o)
                0x08003218                __sfp
 .text._fwalk   0x08003290       0x38 d:/soft/truestudio for arm 7.1.0/armtools/bin/../lib/gcc/arm-atollic-eabi/5.3.1/../../../../arm-atollic-eabi/lib/armv7e-m/fpu\libc_nano.a(lib_a-fwalk.o)
                0x08003290                _fwalk
 .text._fwalk_reent
                0x080032c8       0x3c d:/soft/truestudio for arm 7.1.0/armtools/bin/../lib/gcc/arm-atollic-eabi/5.3.1/../../../../arm-atollic-eabi/lib/armv7e-m/fpu\libc_nano.a(lib_a-fwalk.o)
                0x080032c8                _fwalk_reent
 .text.__malloc_lock
                0x08003304        0x2 d:/soft/truestudio for arm 7.1.0/armtools/bin/../lib/gcc/arm-atollic-eabi/5.3.1/../../../../arm-atollic-eabi/lib/armv7e-m/fpu\libc_nano.a(lib_a-mlock.o)
                0x08003304                __malloc_lock
 .text.__malloc_unlock
                0x08003306        0x2 d:/soft/truestudio for arm 7.1.0/armtools/bin/../lib/gcc/arm-atollic-eabi/5.3.1/../../../../arm-atollic-eabi/lib/armv7e-m/fpu\libc_nano.a(lib_a-mlock.o)
                0x08003306                __malloc_unlock
 .text.__ssputs_r
                0x08003308       0xb2 d:/soft/truestudio for arm 7.1.0/armtools/bin/../lib/gcc/arm-atollic-eabi/5.3.1/../../../../arm-atollic-eabi/lib/armv7e-m/fpu\libc_nano.a(lib_a-nano-svfprintf.o)
                0x08003308                __ssputs_r
 *fill*         0x080033ba        0x2 
 .text._svfprintf_r
                0x080033bc      0x1e8 d:/soft/truestudio for arm 7.1.0/armtools/bin/../lib/gcc/arm-atollic-eabi/5.3.1/../../../../arm-atollic-eabi/lib/armv7e-m/fpu\libc_nano.a(lib_a-nano-svfprintf.o)
                0x080033bc                _svfiprintf_r
                0x080033bc                _svfprintf_r
 .text.__sfputc_r
                0x080035a4       0x30 d:/soft/truestudio for arm 7.1.0/armtools/bin/../lib/gcc/arm-atollic-eabi/5.3.1/../../../../arm-atollic-eabi/lib/armv7e-m/fpu\libc_nano.a(lib_a-nano-vfprintf.o)
 .text.__sfputs_r
                0x080035d4       0x24 d:/soft/truestudio for arm 7.1.0/armtools/bin/../lib/gcc/arm-atollic-eabi/5.3.1/../../../../arm-atollic-eabi/lib/armv7e-m/fpu\libc_nano.a(lib_a-nano-vfprintf.o)
                0x080035d4                __sfputs_r
 .text._vfprintf_r
                0x080035f8      0x238 d:/soft/truestudio for arm 7.1.0/armtools/bin/../lib/gcc/arm-atollic-eabi/5.3.1/../../../../arm-atollic-eabi/lib/armv7e-m/fpu\libc_nano.a(lib_a-nano-vfprintf.o)
                0x080035f8                _vfprintf_r
                0x080035f8                _vfiprintf_r
 .text._printf_common
                0x08003830       0xec d:/soft/truestudio for arm 7.1.0/armtools/bin/../lib/gcc/arm-atollic-eabi/5.3.1/../../../../arm-atollic-eabi/lib/armv7e-m/fpu\libc_nano.a(lib_a-nano-vfprintf_i.o)
                0x08003830                _printf_common
 .text._printf_i
                0x0800391c      0x24c d:/soft/truestudio for arm 7.1.0/armtools/bin/../lib/gcc/arm-atollic-eabi/5.3.1/../../../../arm-atollic-eabi/lib/armv7e-m/fpu\libc_nano.a(lib_a-nano-vfprintf_i.o)
                0x0800391c                _printf_i
 .text.__svfscanf_r
                0x08003b68      0x2a8 d:/soft/truestudio for arm 7.1.0/armtools/bin/../lib/gcc/arm-atollic-eabi/5.3.1/../../../../arm-atollic-eabi/lib/armv7e-m/fpu\libc_nano.a(lib_a-nano-vfscanf.o)
                0x08003b68                __svfscanf_r
                0x08003b68                __svfiscanf_r
 .text._vfscanf_r
                0x08003e10       0x50 d:/soft/truestudio for arm 7.1.0/armtools/bin/../lib/gcc/arm-atollic-eabi/5.3.1/../../../../arm-atollic-eabi/lib/armv7e-m/fpu\libc_nano.a(lib_a-nano-vfscanf.o)
                0x08003e10                _vfscanf_r
                0x08003e10                _vfiscanf_r
 .text._scanf_chars
                0x08003e60       0xc8 d:/soft/truestudio for arm 7.1.0/armtools/bin/../lib/gcc/arm-atollic-eabi/5.3.1/../../../../arm-atollic-eabi/lib/armv7e-m/fpu\libc_nano.a(lib_a-nano-vfscanf_i.o)
                0x08003e60                _scanf_chars
 .text._scanf_i
                0x08003f28      0x1e4 d:/soft/truestudio for arm 7.1.0/armtools/bin/../lib/gcc/arm-atollic-eabi/5.3.1/../../../../arm-atollic-eabi/lib/armv7e-m/fpu\libc_nano.a(lib_a-nano-vfscanf_i.o)
                0x08003f28                _scanf_i
 .text.lflush   0x0800410c       0x12 d:/soft/truestudio for arm 7.1.0/armtools/bin/../lib/gcc/arm-atollic-eabi/5.3.1/../../../../arm-atollic-eabi/lib/armv7e-m/fpu\libc_nano.a(lib_a-refill.o)
 *fill*         0x0800411e        0x2 
 .text.__srefill_r
                0x08004120      0x110 d:/soft/truestudio for arm 7.1.0/armtools/bin/../lib/gcc/arm-atollic-eabi/5.3.1/../../../../arm-atollic-eabi/lib/armv7e-m/fpu\libc_nano.a(lib_a-refill.o)
                0x08004120                __srefill_r
 .text.__sccl   0x08004230       0x62 d:/soft/truestudio for arm 7.1.0/armtools/bin/../lib/gcc/arm-atollic-eabi/5.3.1/../../../../arm-atollic-eabi/lib/armv7e-m/fpu\libc_nano.a(lib_a-sccl.o)
                0x08004230                __sccl
 .text.__sread  0x08004292       0x22 d:/soft/truestudio for arm 7.1.0/armtools/bin/../lib/gcc/arm-atollic-eabi/5.3.1/../../../../arm-atollic-eabi/lib/armv7e-m/fpu\libc_nano.a(lib_a-stdio.o)
                0x08004292                __sread
 .text.__swrite
                0x080042b4       0x38 d:/soft/truestudio for arm 7.1.0/armtools/bin/../lib/gcc/arm-atollic-eabi/5.3.1/../../../../arm-atollic-eabi/lib/armv7e-m/fpu\libc_nano.a(lib_a-stdio.o)
                0x080042b4                __swrite
 .text.__sseek  0x080042ec       0x24 d:/soft/truestudio for arm 7.1.0/armtools/bin/../lib/gcc/arm-atollic-eabi/5.3.1/../../../../arm-atollic-eabi/lib/armv7e-m/fpu\libc_nano.a(lib_a-stdio.o)
                0x080042ec                __sseek
 .text.__sclose
                0x08004310        0x8 d:/soft/truestudio for arm 7.1.0/armtools/bin/../lib/gcc/arm-atollic-eabi/5.3.1/../../../../arm-atollic-eabi/lib/armv7e-m/fpu\libc_nano.a(lib_a-stdio.o)
                0x08004310                __sclose
 .text._strtol_r
                0x08004318      0x10c d:/soft/truestudio for arm 7.1.0/armtools/bin/../lib/gcc/arm-atollic-eabi/5.3.1/../../../../arm-atollic-eabi/lib/armv7e-m/fpu\libc_nano.a(lib_a-strtol.o)
                0x08004318                _strtol_r
 .text._strtoul_r
                0x08004424       0xfc d:/soft/truestudio for arm 7.1.0/armtools/bin/../lib/gcc/arm-atollic-eabi/5.3.1/../../../../arm-atollic-eabi/lib/armv7e-m/fpu\libc_nano.a(lib_a-strtoul.o)
                0x08004424                _strtoul_r
 .text.__submore
                0x08004520       0x76 d:/soft/truestudio for arm 7.1.0/armtools/bin/../lib/gcc/arm-atollic-eabi/5.3.1/../../../../arm-atollic-eabi/lib/armv7e-m/fpu\libc_nano.a(lib_a-ungetc.o)
                0x08004520                __submore
 *fill*         0x08004596        0x2 
 .text._ungetc_r
                0x08004598       0xe4 d:/soft/truestudio for arm 7.1.0/armtools/bin/../lib/gcc/arm-atollic-eabi/5.3.1/../../../../arm-atollic-eabi/lib/armv7e-m/fpu\libc_nano.a(lib_a-ungetc.o)
                0x08004598                _ungetc_r
 .text.__swbuf_r
                0x0800467c       0xa8 d:/soft/truestudio for arm 7.1.0/armtools/bin/../lib/gcc/arm-atollic-eabi/5.3.1/../../../../arm-atollic-eabi/lib/armv7e-m/fpu\libc_nano.a(lib_a-wbuf.o)
                0x0800467c                __swbuf_r
 .text._write_r
                0x08004724       0x24 d:/soft/truestudio for arm 7.1.0/armtools/bin/../lib/gcc/arm-atollic-eabi/5.3.1/../../../../arm-atollic-eabi/lib/armv7e-m/fpu\libc_nano.a(lib_a-writer.o)
                0x08004724                _write_r
 .text.__swsetup_r
                0x08004748       0xdc d:/soft/truestudio for arm 7.1.0/armtools/bin/../lib/gcc/arm-atollic-eabi/5.3.1/../../../../arm-atollic-eabi/lib/armv7e-m/fpu\libc_nano.a(lib_a-wsetup.o)
                0x08004748                __swsetup_r
 .text._close_r
                0x08004824       0x20 d:/soft/truestudio for arm 7.1.0/armtools/bin/../lib/gcc/arm-atollic-eabi/5.3.1/../../../../arm-atollic-eabi/lib/armv7e-m/fpu\libc_nano.a(lib_a-closer.o)
                0x08004824                _close_r
 .text.__sflush_r
                0x08004844      0x110 d:/soft/truestudio for arm 7.1.0/armtools/bin/../lib/gcc/arm-atollic-eabi/5.3.1/../../../../arm-atollic-eabi/lib/armv7e-m/fpu\libc_nano.a(lib_a-fflush.o)
                0x08004844                __sflush_r
 .text._fflush_r
                0x08004954       0x54 d:/soft/truestudio for arm 7.1.0/armtools/bin/../lib/gcc/arm-atollic-eabi/5.3.1/../../../../arm-atollic-eabi/lib/armv7e-m/fpu\libc_nano.a(lib_a-fflush.o)
                0x08004954                _fflush_r
 .text.fflush   0x080049a8       0x24 d:/soft/truestudio for arm 7.1.0/armtools/bin/../lib/gcc/arm-atollic-eabi/5.3.1/../../../../arm-atollic-eabi/lib/armv7e-m/fpu\libc_nano.a(lib_a-fflush.o)
                0x080049a8                fflush
 .text._lseek_r
                0x080049cc       0x24 d:/soft/truestudio for arm 7.1.0/armtools/bin/../lib/gcc/arm-atollic-eabi/5.3.1/../../../../arm-atollic-eabi/lib/armv7e-m/fpu\libc_nano.a(lib_a-lseekr.o)
                0x080049cc                _lseek_r
 .text.__swhatbuf_r
                0x080049f0       0x46 d:/soft/truestudio for arm 7.1.0/armtools/bin/../lib/gcc/arm-atollic-eabi/5.3.1/../../../../arm-atollic-eabi/lib/armv7e-m/fpu\libc_nano.a(lib_a-makebuf.o)
                0x080049f0                __swhatbuf_r
 *fill*         0x08004a36        0x2 
 .text.__smakebuf_r
                0x08004a38       0x78 d:/soft/truestudio for arm 7.1.0/armtools/bin/../lib/gcc/arm-atollic-eabi/5.3.1/../../../../arm-atollic-eabi/lib/armv7e-m/fpu\libc_nano.a(lib_a-makebuf.o)
                0x08004a38                __smakebuf_r
 .text.memcpy   0x08004ab0       0x16 d:/soft/truestudio for arm 7.1.0/armtools/bin/../lib/gcc/arm-atollic-eabi/5.3.1/../../../../arm-atollic-eabi/lib/armv7e-m/fpu\libc_nano.a(lib_a-memcpy-stub.o)
                0x08004ab0                memcpy
 .text.memmove  0x08004ac6       0x36 d:/soft/truestudio for arm 7.1.0/armtools/bin/../lib/gcc/arm-atollic-eabi/5.3.1/../../../../arm-atollic-eabi/lib/armv7e-m/fpu\libc_nano.a(lib_a-memmove.o)
                0x08004ac6                memmove
 .text._realloc_r
                0x08004afc       0x4c d:/soft/truestudio for arm 7.1.0/armtools/bin/../lib/gcc/arm-atollic-eabi/5.3.1/../../../../arm-atollic-eabi/lib/armv7e-m/fpu\libc_nano.a(lib_a-nano-reallocr.o)
                0x08004afc                _realloc_r
 .text._read_r  0x08004b48       0x24 d:/soft/truestudio for arm 7.1.0/armtools/bin/../lib/gcc/arm-atollic-eabi/5.3.1/../../../../arm-atollic-eabi/lib/armv7e-m/fpu\libc_nano.a(lib_a-readr.o)
                0x08004b48                _read_r
 .text._fstat_r
                0x08004b6c       0x24 d:/soft/truestudio for arm 7.1.0/armtools/bin/../lib/gcc/arm-atollic-eabi/5.3.1/../../../../arm-atollic-eabi/lib/armv7e-m/fpu\libc_nano.a(lib_a-fstatr.o)
                0x08004b6c                _fstat_r
 .text._isatty_r
                0x08004b90       0x20 d:/soft/truestudio for arm 7.1.0/armtools/bin/../lib/gcc/arm-atollic-eabi/5.3.1/../../../../arm-atollic-eabi/lib/armv7e-m/fpu\libc_nano.a(lib_a-isattyr.o)
                0x08004b90                _isatty_r
 .text._malloc_usable_size_r
                0x08004bb0       0x14 d:/soft/truestudio for arm 7.1.0/armtools/bin/../lib/gcc/arm-atollic-eabi/5.3.1/../../../../arm-atollic-eabi/lib/armv7e-m/fpu\libc_nano.a(lib_a-nano-msizer.o)
                0x08004bb0                _malloc_usable_size_r
 *(.glue_7)
 .glue_7        0x08004bc4        0x0 linker stubs
 *(.glue_7t)
 .glue_7t       0x08004bc4        0x0 linker stubs
 *(.eh_frame)
 .eh_frame      0x08004bc4        0x0 d:/soft/truestudio for arm 7.1.0/armtools/bin/../lib/gcc/arm-atollic-eabi/5.3.1/armv7e-m/fpu/crtbegin.o
 *(.init)
 .init          0x08004bc4        0x4 d:/soft/truestudio for arm 7.1.0/armtools/bin/../lib/gcc/arm-atollic-eabi/5.3.1/armv7e-m/fpu/crti.o
                0x08004bc4                _init
 .init          0x08004bc8        0x8 d:/soft/truestudio for arm 7.1.0/armtools/bin/../lib/gcc/arm-atollic-eabi/5.3.1/armv7e-m/fpu/crtn.o
 *(.fini)
 .fini          0x08004bd0        0x4 d:/soft/truestudio for arm 7.1.0/armtools/bin/../lib/gcc/arm-atollic-eabi/5.3.1/armv7e-m/fpu/crti.o
                0x08004bd0                _fini
 .fini          0x08004bd4        0x8 d:/soft/truestudio for arm 7.1.0/armtools/bin/../lib/gcc/arm-atollic-eabi/5.3.1/armv7e-m/fpu/crtn.o
                0x08004bdc                . = ALIGN (0x4)
                0x08004bdc                _etext = .

.vfp11_veneer   0x08004bdc        0x0
 .vfp11_veneer  0x08004bdc        0x0 linker stubs

.v4_bx          0x08004bdc        0x0
 .v4_bx         0x08004bdc        0x0 linker stubs

.iplt           0x08004bdc        0x0
 .iplt          0x08004bdc        0x0 d:/soft/truestudio for arm 7.1.0/armtools/bin/../lib/gcc/arm-atollic-eabi/5.3.1/armv7e-m/fpu/crtbegin.o

.rodata         0x08004bdc      0x2dc
                0x08004bdc                . = ALIGN (0x4)
 *(.rodata)
 .rodata        0x08004bdc        0x4 Src\DebitMachine.o
 .rodata        0x08004be0        0xc d:/soft/truestudio for arm 7.1.0/armtools/bin/../lib/gcc/arm-atollic-eabi/5.3.1/../../../../arm-atollic-eabi/lib/armv7e-m/fpu\libc_nano.a(lib_a-nano-vfscanf_i.o)
 *(.rodata*)
 .rodata.CSWTCH.50
                0x08004bec        0x4 Drivers\STM32L4xx_HAL_Driver\Src\stm32l4xx_hal_uart.o
 .rodata.CSWTCH.51
                0x08004bf0        0xd Drivers\STM32L4xx_HAL_Driver\Src\stm32l4xx_hal_uart.o
 .rodata.str1.1
                0x08004bfd       0xaa Src\DebitMachine.o
 .rodata.CSWTCH.18
                0x08004ca7        0x4 Src\HD44780_F3.o
 .rodata.str1.1
                0x08004cab        0xa Src\syscalls.o
 .rodata.AHBPrescTable
                0x08004cb5       0x10 Src\system_stm32l4xx.o
                0x08004cb5                AHBPrescTable
 .rodata.APBPrescTable
                0x08004cc5        0x8 Src\system_stm32l4xx.o
                0x08004cc5                APBPrescTable
 *fill*         0x08004ccd        0x3 
 .rodata.MSIRangeTable
                0x08004cd0       0x30 Src\system_stm32l4xx.o
                0x08004cd0                MSIRangeTable
 .rodata.str1.1
                0x08004d00        0x2 d:/soft/truestudio for arm 7.1.0/armtools/bin/../lib/gcc/arm-atollic-eabi/5.3.1/../../../../arm-atollic-eabi/lib/armv7e-m/fpu\libc_nano.a(lib_a-impure.o)
 *fill*         0x08004d02        0x2 
 .rodata._global_impure_ptr
                0x08004d04        0x4 d:/soft/truestudio for arm 7.1.0/armtools/bin/../lib/gcc/arm-atollic-eabi/5.3.1/../../../../arm-atollic-eabi/lib/armv7e-m/fpu\libc_nano.a(lib_a-impure.o)
                0x08004d04                _global_impure_ptr
 .rodata.__sf_fake_stdin
                0x08004d08       0x20 d:/soft/truestudio for arm 7.1.0/armtools/bin/../lib/gcc/arm-atollic-eabi/5.3.1/../../../../arm-atollic-eabi/lib/armv7e-m/fpu\libc_nano.a(lib_a-findfp.o)
                0x08004d08                __sf_fake_stdin
 .rodata.__sf_fake_stdout
                0x08004d28       0x20 d:/soft/truestudio for arm 7.1.0/armtools/bin/../lib/gcc/arm-atollic-eabi/5.3.1/../../../../arm-atollic-eabi/lib/armv7e-m/fpu\libc_nano.a(lib_a-findfp.o)
                0x08004d28                __sf_fake_stdout
 .rodata.__sf_fake_stderr
                0x08004d48       0x20 d:/soft/truestudio for arm 7.1.0/armtools/bin/../lib/gcc/arm-atollic-eabi/5.3.1/../../../../arm-atollic-eabi/lib/armv7e-m/fpu\libc_nano.a(lib_a-findfp.o)
                0x08004d48                __sf_fake_stderr
 .rodata.str1.1
                0x08004d68       0x11 d:/soft/truestudio for arm 7.1.0/armtools/bin/../lib/gcc/arm-atollic-eabi/5.3.1/../../../../arm-atollic-eabi/lib/armv7e-m/fpu\libc_nano.a(lib_a-nano-svfprintf.o)
 .rodata.str1.1
                0x08004d79       0x11 d:/soft/truestudio for arm 7.1.0/armtools/bin/../lib/gcc/arm-atollic-eabi/5.3.1/../../../../arm-atollic-eabi/lib/armv7e-m/fpu\libc_nano.a(lib_a-nano-vfprintf.o)
 .rodata.str1.1
                0x08004d79       0x22 d:/soft/truestudio for arm 7.1.0/armtools/bin/../lib/gcc/arm-atollic-eabi/5.3.1/../../../../arm-atollic-eabi/lib/armv7e-m/fpu\libc_nano.a(lib_a-nano-vfprintf_i.o)
 .rodata.str1.1
                0x08004d9b        0x4 d:/soft/truestudio for arm 7.1.0/armtools/bin/../lib/gcc/arm-atollic-eabi/5.3.1/../../../../arm-atollic-eabi/lib/armv7e-m/fpu\libc_nano.a(lib_a-nano-vfscanf.o)
 .rodata.str1.1
                0x08004d9b       0x1b d:/soft/truestudio for arm 7.1.0/armtools/bin/../lib/gcc/arm-atollic-eabi/5.3.1/../../../../arm-atollic-eabi/lib/armv7e-m/fpu\libc_nano.a(lib_a-nano-vfscanf_i.o)
 .rodata._ctype_
                0x08004db6      0x101 d:/soft/truestudio for arm 7.1.0/armtools/bin/../lib/gcc/arm-atollic-eabi/5.3.1/../../../../arm-atollic-eabi/lib/armv7e-m/fpu\libc_nano.a(lib_a-ctype_.o)
                0x08004db6                _ctype_
                0x08004eb8                . = ALIGN (0x4)
 *fill*         0x08004eb7        0x1 

.ARM.extab
 *(.ARM.extab* .gnu.linkonce.armextab.*)

.ARM            0x08004eb8        0x8
                0x08004eb8                __exidx_start = .
 *(.ARM.exidx*)
 .ARM.exidx     0x08004eb8        0x8 d:/soft/truestudio for arm 7.1.0/armtools/bin/../lib/gcc/arm-atollic-eabi/5.3.1/armv7e-m/fpu\libgcc.a(_udivmoddi4.o)
                0x08004ec0                __exidx_end = .

.rel.dyn        0x08004ec0        0x0
 .rel.iplt      0x08004ec0        0x0 d:/soft/truestudio for arm 7.1.0/armtools/bin/../lib/gcc/arm-atollic-eabi/5.3.1/armv7e-m/fpu/crtbegin.o

.preinit_array  0x08004ec0        0x0
                0x08004ec0                PROVIDE (__preinit_array_start, .)
 *(.preinit_array*)
                0x08004ec0                PROVIDE (__preinit_array_end, .)

.init_array     0x08004ec0        0x4
                0x08004ec0                PROVIDE (__init_array_start, .)
 *(SORT(.init_array.*))
 *(.init_array*)
 .init_array    0x08004ec0        0x4 d:/soft/truestudio for arm 7.1.0/armtools/bin/../lib/gcc/arm-atollic-eabi/5.3.1/armv7e-m/fpu/crtbegin.o
                0x08004ec4                PROVIDE (__init_array_end, .)

.fini_array     0x08004ec4        0x4
                [!provide]                PROVIDE (__fini_array_start, .)
 *(SORT(.fini_array.*))
 *(.fini_array*)
 .fini_array    0x08004ec4        0x4 d:/soft/truestudio for arm 7.1.0/armtools/bin/../lib/gcc/arm-atollic-eabi/5.3.1/armv7e-m/fpu/crtbegin.o
                [!provide]                PROVIDE (__fini_array_end, .)
                0x08004ec8                _sidata = LOADADDR (.data)

.data           0x20000000       0x6c load address 0x08004ec8
                0x20000000                . = ALIGN (0x4)
                0x20000000                _sdata = .
 *(.data)
 *(.data*)
 .data.SystemCoreClock
                0x20000000        0x4 Src\system_stm32l4xx.o
                0x20000000                SystemCoreClock
 .data.impure_data
                0x20000004       0x60 d:/soft/truestudio for arm 7.1.0/armtools/bin/../lib/gcc/arm-atollic-eabi/5.3.1/../../../../arm-atollic-eabi/lib/armv7e-m/fpu\libc_nano.a(lib_a-impure.o)
 .data._impure_ptr
                0x20000064        0x4 d:/soft/truestudio for arm 7.1.0/armtools/bin/../lib/gcc/arm-atollic-eabi/5.3.1/../../../../arm-atollic-eabi/lib/armv7e-m/fpu\libc_nano.a(lib_a-impure.o)
                0x20000064                _impure_ptr
 .data.__ctype_ptr__
                0x20000068        0x4 d:/soft/truestudio for arm 7.1.0/armtools/bin/../lib/gcc/arm-atollic-eabi/5.3.1/../../../../arm-atollic-eabi/lib/armv7e-m/fpu\libc_nano.a(lib_a-ctype_.o)
                0x20000068                __ctype_ptr__
                0x2000006c                . = ALIGN (0x4)
                0x2000006c                _edata = .

.igot.plt       0x2000006c        0x0 load address 0x08004f34
 .igot.plt      0x2000006c        0x0 d:/soft/truestudio for arm 7.1.0/armtools/bin/../lib/gcc/arm-atollic-eabi/5.3.1/armv7e-m/fpu/crtbegin.o
                0x2000006c                . = ALIGN (0x4)

.bss            0x2000006c      0x150 load address 0x08004f34
                0x2000006c                _sbss = .
                0x2000006c                __bss_start__ = _sbss
 *(.bss)
 .bss           0x2000006c       0x1c d:/soft/truestudio for arm 7.1.0/armtools/bin/../lib/gcc/arm-atollic-eabi/5.3.1/armv7e-m/fpu/crtbegin.o
 *(.bss*)
 .bss.amount    0x20000088        0x8 Src\DebitMachine.o
                0x20000088                amount
 .bss.debitMachineCurrentState
                0x20000090        0x1 Src\DebitMachine.o
 *fill*         0x20000091        0x3 
 .bss.heap_end.8993
                0x20000094        0x4 Src\syscalls.o
 .bss.__malloc_sbrk_start
                0x20000098        0x4 d:/soft/truestudio for arm 7.1.0/armtools/bin/../lib/gcc/arm-atollic-eabi/5.3.1/../../../../arm-atollic-eabi/lib/armv7e-m/fpu\libc_nano.a(lib_a-nano-mallocr.o)
                0x20000098                __malloc_sbrk_start
 .bss.__malloc_free_list
                0x2000009c        0x4 d:/soft/truestudio for arm 7.1.0/armtools/bin/../lib/gcc/arm-atollic-eabi/5.3.1/../../../../arm-atollic-eabi/lib/armv7e-m/fpu\libc_nano.a(lib_a-nano-mallocr.o)
                0x2000009c                __malloc_free_list
 *(COMMON)
 COMMON         0x200000a0        0x4 Drivers\STM32L4xx_HAL_Driver\Src\stm32l4xx_hal.o
                0x200000a0                uwTick
 COMMON         0x200000a4      0x114 Src\main.o
                0x200000a4                hadc1
                0x2000010c                htim1
                0x20000148                huart2
 COMMON         0x200001b8        0x4 d:/soft/truestudio for arm 7.1.0/armtools/bin/../lib/gcc/arm-atollic-eabi/5.3.1/../../../../arm-atollic-eabi/lib/armv7e-m/fpu\libc_nano.a(lib_a-reent.o)
                0x200001b8                errno
                0x200001bc                . = ALIGN (0x4)
                0x200001bc                _ebss = .
                0x200001bc                __bss_end__ = _ebss

._user_heap_stack
                0x200001bc      0x600 load address 0x08004f34
                0x200001bc                . = ALIGN (0x4)
                0x200001bc                PROVIDE (end, .)
                [!provide]                PROVIDE (_end, .)
                0x200003bc                . = (. + _Min_Heap_Size)
 *fill*         0x200001bc      0x200 
                0x200007bc                . = (. + _Min_Stack_Size)
 *fill*         0x200003bc      0x400 
                0x200007bc                . = ALIGN (0x4)

/DISCARD/
 libc.a(*)
 libm.a(*)
 libgcc.a(*)

.ARM.attributes
                0x00000000       0x30
 *(.ARM.attributes)
 .ARM.attributes
                0x00000000       0x22 d:/soft/truestudio for arm 7.1.0/armtools/bin/../lib/gcc/arm-atollic-eabi/5.3.1/armv7e-m/fpu/crti.o
 .ARM.attributes
                0x00000022       0x34 d:/soft/truestudio for arm 7.1.0/armtools/bin/../lib/gcc/arm-atollic-eabi/5.3.1/armv7e-m/fpu/crtbegin.o
 .ARM.attributes
                0x00000056       0x39 Drivers\STM32L4xx_HAL_Driver\Src\stm32l4xx_hal.o
 .ARM.attributes
                0x0000008f       0x39 Drivers\STM32L4xx_HAL_Driver\Src\stm32l4xx_hal_cortex.o
 .ARM.attributes
                0x000000c8       0x39 Drivers\STM32L4xx_HAL_Driver\Src\stm32l4xx_hal_gpio.o
 .ARM.attributes
                0x00000101       0x39 Drivers\STM32L4xx_HAL_Driver\Src\stm32l4xx_hal_pwr_ex.o
 .ARM.attributes
                0x0000013a       0x39 Drivers\STM32L4xx_HAL_Driver\Src\stm32l4xx_hal_rcc.o
 .ARM.attributes
                0x00000173       0x39 Drivers\STM32L4xx_HAL_Driver\Src\stm32l4xx_hal_rcc_ex.o
 .ARM.attributes
                0x000001ac       0x39 Drivers\STM32L4xx_HAL_Driver\Src\stm32l4xx_hal_tim.o
 .ARM.attributes
                0x000001e5       0x39 Drivers\STM32L4xx_HAL_Driver\Src\stm32l4xx_hal_tim_ex.o
 .ARM.attributes
                0x0000021e       0x39 Drivers\STM32L4xx_HAL_Driver\Src\stm32l4xx_hal_uart.o
 .ARM.attributes
                0x00000257       0x39 Src\DebitMachine.o
 .ARM.attributes
                0x00000290       0x39 Src\HD44780_F3.o
 .ARM.attributes
                0x000002c9       0x39 Src\debounce.o
 .ARM.attributes
                0x00000302       0x39 Src\main.o
 .ARM.attributes
                0x0000033b       0x39 Src\soundDriver.o
 .ARM.attributes
                0x00000374       0x39 Src\stm32l4xx_hal_msp.o
 .ARM.attributes
                0x000003ad       0x39 Src\stm32l4xx_it.o
 .ARM.attributes
                0x000003e6       0x39 Src\syscalls.o
 .ARM.attributes
                0x0000041f       0x39 Src\system_stm32l4xx.o
 .ARM.attributes
                0x00000458       0x21 startup\startup_stm32l432xx.o
 .ARM.attributes
                0x00000479       0x34 d:/soft/truestudio for arm 7.1.0/armtools/bin/../lib/gcc/arm-atollic-eabi/5.3.1/../../../../arm-atollic-eabi/lib/armv7e-m/fpu\libc_nano.a(lib_a-fpurge.o)
 .ARM.attributes
                0x000004ad       0x34 d:/soft/truestudio for arm 7.1.0/armtools/bin/../lib/gcc/arm-atollic-eabi/5.3.1/../../../../arm-atollic-eabi/lib/armv7e-m/fpu\libc_nano.a(lib_a-impure.o)
 .ARM.attributes
                0x000004e1       0x34 d:/soft/truestudio for arm 7.1.0/armtools/bin/../lib/gcc/arm-atollic-eabi/5.3.1/../../../../arm-atollic-eabi/lib/armv7e-m/fpu\libc_nano.a(lib_a-init.o)
 .ARM.attributes
                0x00000515       0x34 d:/soft/truestudio for arm 7.1.0/armtools/bin/../lib/gcc/arm-atollic-eabi/5.3.1/../../../../arm-atollic-eabi/lib/armv7e-m/fpu\libc_nano.a(lib_a-memset.o)
 .ARM.attributes
                0x00000549       0x34 d:/soft/truestudio for arm 7.1.0/armtools/bin/../lib/gcc/arm-atollic-eabi/5.3.1/../../../../arm-atollic-eabi/lib/armv7e-m/fpu\libc_nano.a(lib_a-nano-freer.o)
 .ARM.attributes
                0x0000057d       0x34 d:/soft/truestudio for arm 7.1.0/armtools/bin/../lib/gcc/arm-atollic-eabi/5.3.1/../../../../arm-atollic-eabi/lib/armv7e-m/fpu\libc_nano.a(lib_a-nano-mallocr.o)
 .ARM.attributes
                0x000005b1       0x34 d:/soft/truestudio for arm 7.1.0/armtools/bin/../lib/gcc/arm-atollic-eabi/5.3.1/../../../../arm-atollic-eabi/lib/armv7e-m/fpu\libc_nano.a(lib_a-printf.o)
 .ARM.attributes
                0x000005e5       0x34 d:/soft/truestudio for arm 7.1.0/armtools/bin/../lib/gcc/arm-atollic-eabi/5.3.1/../../../../arm-atollic-eabi/lib/armv7e-m/fpu\libc_nano.a(lib_a-reent.o)
 .ARM.attributes
                0x00000619       0x34 d:/soft/truestudio for arm 7.1.0/armtools/bin/../lib/gcc/arm-atollic-eabi/5.3.1/../../../../arm-atollic-eabi/lib/armv7e-m/fpu\libc_nano.a(lib_a-sbrkr.o)
 .ARM.attributes
                0x0000064d       0x34 d:/soft/truestudio for arm 7.1.0/armtools/bin/../lib/gcc/arm-atollic-eabi/5.3.1/../../../../arm-atollic-eabi/lib/armv7e-m/fpu\libc_nano.a(lib_a-scanf.o)
 .ARM.attributes
                0x00000681       0x34 d:/soft/truestudio for arm 7.1.0/armtools/bin/../lib/gcc/arm-atollic-eabi/5.3.1/../../../../arm-atollic-eabi/lib/armv7e-m/fpu\libc_nano.a(lib_a-snprintf.o)
 .ARM.attributes
                0x000006b5       0x34 d:/soft/truestudio for arm 7.1.0/armtools/bin/../lib/gcc/arm-atollic-eabi/5.3.1/../../../../arm-atollic-eabi/lib/armv7e-m/fpu\libc_nano.a(lib_a-strcat.o)
 .ARM.attributes
                0x000006e9       0x34 d:/soft/truestudio for arm 7.1.0/armtools/bin/../lib/gcc/arm-atollic-eabi/5.3.1/../../../../arm-atollic-eabi/lib/armv7e-m/fpu\libc_nano.a(lib_a-strcpy.o)
 .ARM.attributes
                0x0000071d       0x34 d:/soft/truestudio for arm 7.1.0/armtools/bin/../lib/gcc/arm-atollic-eabi/5.3.1/../../../../arm-atollic-eabi/lib/armv7e-m/fpu\libc_nano.a(lib_a-strncpy.o)
 .ARM.attributes
                0x00000751       0x34 d:/soft/truestudio for arm 7.1.0/armtools/bin/../lib/gcc/arm-atollic-eabi/5.3.1/../../../../arm-atollic-eabi/lib/armv7e-m/fpu\libc_nano.a(lib_a-strstr.o)
 .ARM.attributes
                0x00000785       0x34 d:/soft/truestudio for arm 7.1.0/armtools/bin/../lib/gcc/arm-atollic-eabi/5.3.1/../../../../arm-atollic-eabi/lib/armv7e-m/fpu\libc_nano.a(lib_a-findfp.o)
 .ARM.attributes
                0x000007b9       0x34 d:/soft/truestudio for arm 7.1.0/armtools/bin/../lib/gcc/arm-atollic-eabi/5.3.1/../../../../arm-atollic-eabi/lib/armv7e-m/fpu\libc_nano.a(lib_a-fwalk.o)
 .ARM.attributes
                0x000007ed       0x34 d:/soft/truestudio for arm 7.1.0/armtools/bin/../lib/gcc/arm-atollic-eabi/5.3.1/../../../../arm-atollic-eabi/lib/armv7e-m/fpu\libc_nano.a(lib_a-mlock.o)
 .ARM.attributes
                0x00000821       0x34 d:/soft/truestudio for arm 7.1.0/armtools/bin/../lib/gcc/arm-atollic-eabi/5.3.1/../../../../arm-atollic-eabi/lib/armv7e-m/fpu\libc_nano.a(lib_a-nano-svfprintf.o)
 .ARM.attributes
                0x00000855       0x34 d:/soft/truestudio for arm 7.1.0/armtools/bin/../lib/gcc/arm-atollic-eabi/5.3.1/../../../../arm-atollic-eabi/lib/armv7e-m/fpu\libc_nano.a(lib_a-nano-vfprintf.o)
 .ARM.attributes
                0x00000889       0x34 d:/soft/truestudio for arm 7.1.0/armtools/bin/../lib/gcc/arm-atollic-eabi/5.3.1/../../../../arm-atollic-eabi/lib/armv7e-m/fpu\libc_nano.a(lib_a-nano-vfprintf_i.o)
 .ARM.attributes
                0x000008bd       0x34 d:/soft/truestudio for arm 7.1.0/armtools/bin/../lib/gcc/arm-atollic-eabi/5.3.1/../../../../arm-atollic-eabi/lib/armv7e-m/fpu\libc_nano.a(lib_a-nano-vfscanf.o)
 .ARM.attributes
                0x000008f1       0x34 d:/soft/truestudio for arm 7.1.0/armtools/bin/../lib/gcc/arm-atollic-eabi/5.3.1/../../../../arm-atollic-eabi/lib/armv7e-m/fpu\libc_nano.a(lib_a-nano-vfscanf_i.o)
 .ARM.attributes
                0x00000925       0x34 d:/soft/truestudio for arm 7.1.0/armtools/bin/../lib/gcc/arm-atollic-eabi/5.3.1/../../../../arm-atollic-eabi/lib/armv7e-m/fpu\libc_nano.a(lib_a-refill.o)
 .ARM.attributes
                0x00000959       0x34 d:/soft/truestudio for arm 7.1.0/armtools/bin/../lib/gcc/arm-atollic-eabi/5.3.1/../../../../arm-atollic-eabi/lib/armv7e-m/fpu\libc_nano.a(lib_a-sccl.o)
 .ARM.attributes
                0x0000098d       0x34 d:/soft/truestudio for arm 7.1.0/armtools/bin/../lib/gcc/arm-atollic-eabi/5.3.1/../../../../arm-atollic-eabi/lib/armv7e-m/fpu\libc_nano.a(lib_a-stdio.o)
 .ARM.attributes
                0x000009c1       0x34 d:/soft/truestudio for arm 7.1.0/armtools/bin/../lib/gcc/arm-atollic-eabi/5.3.1/../../../../arm-atollic-eabi/lib/armv7e-m/fpu\libc_nano.a(lib_a-strtol.o)
 .ARM.attributes
                0x000009f5       0x34 d:/soft/truestudio for arm 7.1.0/armtools/bin/../lib/gcc/arm-atollic-eabi/5.3.1/../../../../arm-atollic-eabi/lib/armv7e-m/fpu\libc_nano.a(lib_a-strtoul.o)
 .ARM.attributes
                0x00000a29       0x34 d:/soft/truestudio for arm 7.1.0/armtools/bin/../lib/gcc/arm-atollic-eabi/5.3.1/../../../../arm-atollic-eabi/lib/armv7e-m/fpu\libc_nano.a(lib_a-ungetc.o)
 .ARM.attributes
                0x00000a5d       0x34 d:/soft/truestudio for arm 7.1.0/armtools/bin/../lib/gcc/arm-atollic-eabi/5.3.1/../../../../arm-atollic-eabi/lib/armv7e-m/fpu\libc_nano.a(lib_a-wbuf.o)
 .ARM.attributes
                0x00000a91       0x34 d:/soft/truestudio for arm 7.1.0/armtools/bin/../lib/gcc/arm-atollic-eabi/5.3.1/../../../../arm-atollic-eabi/lib/armv7e-m/fpu\libc_nano.a(lib_a-writer.o)
 .ARM.attributes
                0x00000ac5       0x34 d:/soft/truestudio for arm 7.1.0/armtools/bin/../lib/gcc/arm-atollic-eabi/5.3.1/../../../../arm-atollic-eabi/lib/armv7e-m/fpu\libc_nano.a(lib_a-wsetup.o)
 .ARM.attributes
                0x00000af9       0x34 d:/soft/truestudio for arm 7.1.0/armtools/bin/../lib/gcc/arm-atollic-eabi/5.3.1/../../../../arm-atollic-eabi/lib/armv7e-m/fpu\libc_nano.a(lib_a-closer.o)
 .ARM.attributes
                0x00000b2d       0x34 d:/soft/truestudio for arm 7.1.0/armtools/bin/../lib/gcc/arm-atollic-eabi/5.3.1/../../../../arm-atollic-eabi/lib/armv7e-m/fpu\libc_nano.a(lib_a-ctype_.o)
 .ARM.attributes
                0x00000b61       0x34 d:/soft/truestudio for arm 7.1.0/armtools/bin/../lib/gcc/arm-atollic-eabi/5.3.1/../../../../arm-atollic-eabi/lib/armv7e-m/fpu\libc_nano.a(lib_a-fflush.o)
 .ARM.attributes
                0x00000b95       0x34 d:/soft/truestudio for arm 7.1.0/armtools/bin/../lib/gcc/arm-atollic-eabi/5.3.1/../../../../arm-atollic-eabi/lib/armv7e-m/fpu\libc_nano.a(lib_a-lseekr.o)
 .ARM.attributes
                0x00000bc9       0x34 d:/soft/truestudio for arm 7.1.0/armtools/bin/../lib/gcc/arm-atollic-eabi/5.3.1/../../../../arm-atollic-eabi/lib/armv7e-m/fpu\libc_nano.a(lib_a-makebuf.o)
 .ARM.attributes
                0x00000bfd       0x20 d:/soft/truestudio for arm 7.1.0/armtools/bin/../lib/gcc/arm-atollic-eabi/5.3.1/../../../../arm-atollic-eabi/lib/armv7e-m/fpu\libc_nano.a(lib_a-memchr.o)
 .ARM.attributes
                0x00000c1d       0x34 d:/soft/truestudio for arm 7.1.0/armtools/bin/../lib/gcc/arm-atollic-eabi/5.3.1/../../../../arm-atollic-eabi/lib/armv7e-m/fpu\libc_nano.a(lib_a-memcpy-stub.o)
 .ARM.attributes
                0x00000c51       0x34 d:/soft/truestudio for arm 7.1.0/armtools/bin/../lib/gcc/arm-atollic-eabi/5.3.1/../../../../arm-atollic-eabi/lib/armv7e-m/fpu\libc_nano.a(lib_a-memmove.o)
 .ARM.attributes
                0x00000c85       0x34 d:/soft/truestudio for arm 7.1.0/armtools/bin/../lib/gcc/arm-atollic-eabi/5.3.1/../../../../arm-atollic-eabi/lib/armv7e-m/fpu\libc_nano.a(lib_a-nano-reallocr.o)
 .ARM.attributes
                0x00000cb9       0x34 d:/soft/truestudio for arm 7.1.0/armtools/bin/../lib/gcc/arm-atollic-eabi/5.3.1/../../../../arm-atollic-eabi/lib/armv7e-m/fpu\libc_nano.a(lib_a-readr.o)
 .ARM.attributes
                0x00000ced       0x34 d:/soft/truestudio for arm 7.1.0/armtools/bin/../lib/gcc/arm-atollic-eabi/5.3.1/../../../../arm-atollic-eabi/lib/armv7e-m/fpu\libc_nano.a(lib_a-fstatr.o)
 .ARM.attributes
                0x00000d21       0x34 d:/soft/truestudio for arm 7.1.0/armtools/bin/../lib/gcc/arm-atollic-eabi/5.3.1/../../../../arm-atollic-eabi/lib/armv7e-m/fpu\libc_nano.a(lib_a-isattyr.o)
 .ARM.attributes
                0x00000d55       0x34 d:/soft/truestudio for arm 7.1.0/armtools/bin/../lib/gcc/arm-atollic-eabi/5.3.1/../../../../arm-atollic-eabi/lib/armv7e-m/fpu\libc_nano.a(lib_a-nano-msizer.o)
 .ARM.attributes
                0x00000d89       0x22 d:/soft/truestudio for arm 7.1.0/armtools/bin/../lib/gcc/arm-atollic-eabi/5.3.1/armv7e-m/fpu\libgcc.a(_aeabi_uldivmod.o)
 .ARM.attributes
                0x00000dab       0x34 d:/soft/truestudio for arm 7.1.0/armtools/bin/../lib/gcc/arm-atollic-eabi/5.3.1/armv7e-m/fpu\libgcc.a(_udivmoddi4.o)
 .ARM.attributes
                0x00000ddf       0x22 d:/soft/truestudio for arm 7.1.0/armtools/bin/../lib/gcc/arm-atollic-eabi/5.3.1/armv7e-m/fpu\libgcc.a(_dvmd_tls.o)
 .ARM.attributes
                0x00000e01       0x22 d:/soft/truestudio for arm 7.1.0/armtools/bin/../lib/gcc/arm-atollic-eabi/5.3.1/armv7e-m/fpu/crtn.o
OUTPUT(VCP TIM1 Template.elf elf32-littlearm)

.debug_info     0x00000000    0x115e7
 .debug_info    0x00000000      0x8b3 Drivers\STM32L4xx_HAL_Driver\Src\stm32l4xx_hal.o
 .debug_info    0x000008b3      0xe07 Drivers\STM32L4xx_HAL_Driver\Src\stm32l4xx_hal_cortex.o
 .debug_info    0x000016ba      0x7eb Drivers\STM32L4xx_HAL_Driver\Src\stm32l4xx_hal_gpio.o
 .debug_info    0x00001ea5      0x98d Drivers\STM32L4xx_HAL_Driver\Src\stm32l4xx_hal_pwr_ex.o
 .debug_info    0x00002832     0x10e5 Drivers\STM32L4xx_HAL_Driver\Src\stm32l4xx_hal_rcc.o
 .debug_info    0x00003917     0x1506 Drivers\STM32L4xx_HAL_Driver\Src\stm32l4xx_hal_rcc_ex.o
 .debug_info    0x00004e1d     0x2ef8 Drivers\STM32L4xx_HAL_Driver\Src\stm32l4xx_hal_tim.o
 .debug_info    0x00007d15     0x1141 Drivers\STM32L4xx_HAL_Driver\Src\stm32l4xx_hal_tim_ex.o
 .debug_info    0x00008e56     0x19d8 Drivers\STM32L4xx_HAL_Driver\Src\stm32l4xx_hal_uart.o
 .debug_info    0x0000a82e     0x136f Src\DebitMachine.o
 .debug_info    0x0000bb9d      0xab3 Src\HD44780_F3.o
 .debug_info    0x0000c650      0x36b Src\debounce.o
 .debug_info    0x0000c9bb     0x19a8 Src\main.o
 .debug_info    0x0000e363      0x983 Src\soundDriver.o
 .debug_info    0x0000ece6     0x147d Src\stm32l4xx_hal_msp.o
 .debug_info    0x00010163       0xe8 Src\stm32l4xx_it.o
 .debug_info    0x0001024b      0xd58 Src\syscalls.o
 .debug_info    0x00010fa3      0x5bb Src\system_stm32l4xx.o
 .debug_info    0x0001155e       0x89 startup\startup_stm32l432xx.o

.debug_abbrev   0x00000000     0x2947
 .debug_abbrev  0x00000000      0x1ef Drivers\STM32L4xx_HAL_Driver\Src\stm32l4xx_hal.o
 .debug_abbrev  0x000001ef      0x313 Drivers\STM32L4xx_HAL_Driver\Src\stm32l4xx_hal_cortex.o
 .debug_abbrev  0x00000502      0x1c8 Drivers\STM32L4xx_HAL_Driver\Src\stm32l4xx_hal_gpio.o
 .debug_abbrev  0x000006ca      0x25c Drivers\STM32L4xx_HAL_Driver\Src\stm32l4xx_hal_pwr_ex.o
 .debug_abbrev  0x00000926      0x2ca Drivers\STM32L4xx_HAL_Driver\Src\stm32l4xx_hal_rcc.o
 .debug_abbrev  0x00000bf0      0x2f4 Drivers\STM32L4xx_HAL_Driver\Src\stm32l4xx_hal_rcc_ex.o
 .debug_abbrev  0x00000ee4      0x310 Drivers\STM32L4xx_HAL_Driver\Src\stm32l4xx_hal_tim.o
 .debug_abbrev  0x000011f4      0x270 Drivers\STM32L4xx_HAL_Driver\Src\stm32l4xx_hal_tim_ex.o
 .debug_abbrev  0x00001464      0x333 Drivers\STM32L4xx_HAL_Driver\Src\stm32l4xx_hal_uart.o
 .debug_abbrev  0x00001797      0x369 Src\DebitMachine.o
 .debug_abbrev  0x00001b00      0x222 Src\HD44780_F3.o
 .debug_abbrev  0x00001d22      0x181 Src\debounce.o
 .debug_abbrev  0x00001ea3      0x279 Src\main.o
 .debug_abbrev  0x0000211c      0x1e5 Src\soundDriver.o
 .debug_abbrev  0x00002301      0x1bf Src\stm32l4xx_hal_msp.o
 .debug_abbrev  0x000024c0       0x93 Src\stm32l4xx_it.o
 .debug_abbrev  0x00002553      0x2c0 Src\syscalls.o
 .debug_abbrev  0x00002813      0x122 Src\system_stm32l4xx.o
 .debug_abbrev  0x00002935       0x12 startup\startup_stm32l432xx.o

.debug_loc      0x00000000     0x82e4
 .debug_loc     0x00000000       0x69 Drivers\STM32L4xx_HAL_Driver\Src\stm32l4xx_hal.o
 .debug_loc     0x00000069      0x4ab Drivers\STM32L4xx_HAL_Driver\Src\stm32l4xx_hal_cortex.o
 .debug_loc     0x00000514      0x2a5 Drivers\STM32L4xx_HAL_Driver\Src\stm32l4xx_hal_gpio.o
 .debug_loc     0x000007b9      0x412 Drivers\STM32L4xx_HAL_Driver\Src\stm32l4xx_hal_pwr_ex.o
 .debug_loc     0x00000bcb      0x6d5 Drivers\STM32L4xx_HAL_Driver\Src\stm32l4xx_hal_rcc.o
 .debug_loc     0x000012a0      0xe62 Drivers\STM32L4xx_HAL_Driver\Src\stm32l4xx_hal_rcc_ex.o
 .debug_loc     0x00002102     0x3155 Drivers\STM32L4xx_HAL_Driver\Src\stm32l4xx_hal_tim.o
 .debug_loc     0x00005257      0xd52 Drivers\STM32L4xx_HAL_Driver\Src\stm32l4xx_hal_tim_ex.o
 .debug_loc     0x00005fa9     0x1675 Drivers\STM32L4xx_HAL_Driver\Src\stm32l4xx_hal_uart.o
 .debug_loc     0x0000761e      0x1c4 Src\DebitMachine.o
 .debug_loc     0x000077e2      0x213 Src\HD44780_F3.o
 .debug_loc     0x000079f5      0x2f8 Src\debounce.o
 .debug_loc     0x00007ced       0xd3 Src\soundDriver.o
 .debug_loc     0x00007dc0       0xbb Src\stm32l4xx_hal_msp.o
 .debug_loc     0x00007e7b      0x2f2 Src\syscalls.o
 .debug_loc     0x0000816d      0x177 Src\system_stm32l4xx.o

.debug_aranges  0x00000000      0xbe0
 .debug_aranges
                0x00000000       0xd0 Drivers\STM32L4xx_HAL_Driver\Src\stm32l4xx_hal.o
 .debug_aranges
                0x000000d0       0x98 Drivers\STM32L4xx_HAL_Driver\Src\stm32l4xx_hal_cortex.o
 .debug_aranges
                0x00000168       0x58 Drivers\STM32L4xx_HAL_Driver\Src\stm32l4xx_hal_gpio.o
 .debug_aranges
                0x000001c0      0x100 Drivers\STM32L4xx_HAL_Driver\Src\stm32l4xx_hal_pwr_ex.o
 .debug_aranges
                0x000002c0       0x88 Drivers\STM32L4xx_HAL_Driver\Src\stm32l4xx_hal_rcc.o
 .debug_aranges
                0x00000348       0xd0 Drivers\STM32L4xx_HAL_Driver\Src\stm32l4xx_hal_rcc_ex.o
 .debug_aranges
                0x00000418      0x268 Drivers\STM32L4xx_HAL_Driver\Src\stm32l4xx_hal_tim.o
 .debug_aranges
                0x00000680      0x100 Drivers\STM32L4xx_HAL_Driver\Src\stm32l4xx_hal_tim_ex.o
 .debug_aranges
                0x00000780      0x188 Drivers\STM32L4xx_HAL_Driver\Src\stm32l4xx_hal_uart.o
 .debug_aranges
                0x00000908       0x78 Src\DebitMachine.o
 .debug_aranges
                0x00000980       0x80 Src\HD44780_F3.o
 .debug_aranges
                0x00000a00       0x28 Src\debounce.o
 .debug_aranges
                0x00000a28       0x30 Src\main.o
 .debug_aranges
                0x00000a58       0x28 Src\soundDriver.o
 .debug_aranges
                0x00000a80       0x58 Src\stm32l4xx_hal_msp.o
 .debug_aranges
                0x00000ad8       0x20 Src\stm32l4xx_it.o
 .debug_aranges
                0x00000af8       0x98 Src\syscalls.o
 .debug_aranges
                0x00000b90       0x28 Src\system_stm32l4xx.o
 .debug_aranges
                0x00000bb8       0x28 startup\startup_stm32l432xx.o

.debug_ranges   0x00000000      0xe88
 .debug_ranges  0x00000000       0xc0 Drivers\STM32L4xx_HAL_Driver\Src\stm32l4xx_hal.o
 .debug_ranges  0x000000c0      0x148 Drivers\STM32L4xx_HAL_Driver\Src\stm32l4xx_hal_cortex.o
 .debug_ranges  0x00000208       0x60 Drivers\STM32L4xx_HAL_Driver\Src\stm32l4xx_hal_gpio.o
 .debug_ranges  0x00000268       0xf0 Drivers\STM32L4xx_HAL_Driver\Src\stm32l4xx_hal_pwr_ex.o
 .debug_ranges  0x00000358       0xc0 Drivers\STM32L4xx_HAL_Driver\Src\stm32l4xx_hal_rcc.o
 .debug_ranges  0x00000418      0x1c8 Drivers\STM32L4xx_HAL_Driver\Src\stm32l4xx_hal_rcc_ex.o
 .debug_ranges  0x000005e0      0x318 Drivers\STM32L4xx_HAL_Driver\Src\stm32l4xx_hal_tim.o
 .debug_ranges  0x000008f8       0xf0 Drivers\STM32L4xx_HAL_Driver\Src\stm32l4xx_hal_tim_ex.o
 .debug_ranges  0x000009e8      0x178 Drivers\STM32L4xx_HAL_Driver\Src\stm32l4xx_hal_uart.o
 .debug_ranges  0x00000b60       0x80 Src\DebitMachine.o
 .debug_ranges  0x00000be0       0xa0 Src\HD44780_F3.o
 .debug_ranges  0x00000c80       0x18 Src\debounce.o
 .debug_ranges  0x00000c98       0x58 Src\main.o
 .debug_ranges  0x00000cf0       0x18 Src\soundDriver.o
 .debug_ranges  0x00000d08       0xb0 Src\stm32l4xx_hal_msp.o
 .debug_ranges  0x00000db8       0x10 Src\stm32l4xx_it.o
 .debug_ranges  0x00000dc8       0x88 Src\syscalls.o
 .debug_ranges  0x00000e50       0x18 Src\system_stm32l4xx.o
 .debug_ranges  0x00000e68       0x20 startup\startup_stm32l432xx.o

.debug_line     0x00000000     0x5a29
 .debug_line    0x00000000      0x38f Drivers\STM32L4xx_HAL_Driver\Src\stm32l4xx_hal.o
 .debug_line    0x0000038f      0x3c4 Drivers\STM32L4xx_HAL_Driver\Src\stm32l4xx_hal_cortex.o
 .debug_line    0x00000753      0x361 Drivers\STM32L4xx_HAL_Driver\Src\stm32l4xx_hal_gpio.o
 .debug_line    0x00000ab4      0x4e1 Drivers\STM32L4xx_HAL_Driver\Src\stm32l4xx_hal_pwr_ex.o
 .debug_line    0x00000f95      0x63f Drivers\STM32L4xx_HAL_Driver\Src\stm32l4xx_hal_rcc.o
 .debug_line    0x000015d4      0x803 Drivers\STM32L4xx_HAL_Driver\Src\stm32l4xx_hal_rcc_ex.o
 .debug_line    0x00001dd7     0x10f4 Drivers\STM32L4xx_HAL_Driver\Src\stm32l4xx_hal_tim.o
 .debug_line    0x00002ecb      0x6dc Drivers\STM32L4xx_HAL_Driver\Src\stm32l4xx_hal_tim_ex.o
 .debug_line    0x000035a7      0xbf7 Drivers\STM32L4xx_HAL_Driver\Src\stm32l4xx_hal_uart.o
 .debug_line    0x0000419e      0x343 Src\DebitMachine.o
 .debug_line    0x000044e1      0x30b Src\HD44780_F3.o
 .debug_line    0x000047ec      0x1f9 Src\debounce.o
 .debug_line    0x000049e5      0x36e Src\main.o
 .debug_line    0x00004d53      0x247 Src\soundDriver.o
 .debug_line    0x00004f9a      0x30d Src\stm32l4xx_hal_msp.o
 .debug_line    0x000052a7      0x173 Src\stm32l4xx_it.o
 .debug_line    0x0000541a      0x3d9 Src\syscalls.o
 .debug_line    0x000057f3      0x1b7 Src\system_stm32l4xx.o
 .debug_line    0x000059aa       0x7f startup\startup_stm32l432xx.o

.debug_str      0x00000000     0x46dc
 .debug_str     0x00000000      0xa15 Drivers\STM32L4xx_HAL_Driver\Src\stm32l4xx_hal.o
                                0xa7c (size before relaxing)
 .debug_str     0x00000a15      0x38c Drivers\STM32L4xx_HAL_Driver\Src\stm32l4xx_hal_cortex.o
                                0xb01 (size before relaxing)
 .debug_str     0x00000da1      0x1d5 Drivers\STM32L4xx_HAL_Driver\Src\stm32l4xx_hal_gpio.o
                                0x595 (size before relaxing)
 .debug_str     0x00000f76      0x454 Drivers\STM32L4xx_HAL_Driver\Src\stm32l4xx_hal_pwr_ex.o
                                0x77b (size before relaxing)
 .debug_str     0x000013ca      0x3ad Drivers\STM32L4xx_HAL_Driver\Src\stm32l4xx_hal_rcc.o
                                0x86e (size before relaxing)
 .debug_str     0x00001777      0x5b0 Drivers\STM32L4xx_HAL_Driver\Src\stm32l4xx_hal_rcc_ex.o
                                0xb22 (size before relaxing)
 .debug_str     0x00001d27      0xe94 Drivers\STM32L4xx_HAL_Driver\Src\stm32l4xx_hal_tim.o
                               0x1167 (size before relaxing)
 .debug_str     0x00002bbb      0x550 Drivers\STM32L4xx_HAL_Driver\Src\stm32l4xx_hal_tim_ex.o
                                0xcdf (size before relaxing)
 .debug_str     0x0000310b      0x88e Drivers\STM32L4xx_HAL_Driver\Src\stm32l4xx_hal_uart.o
                                0xedf (size before relaxing)
 .debug_str     0x00003999      0x658 Src\DebitMachine.o
                                0x86b (size before relaxing)
 .debug_str     0x00003ff1       0xb5 Src\HD44780_F3.o
                                0x501 (size before relaxing)
 .debug_str     0x000040a6       0x53 Src\debounce.o
                                0x34a (size before relaxing)
 .debug_str     0x000040f9      0x2ce Src\main.o
                               0x170c (size before relaxing)
 .debug_str     0x000043c7       0x4c Src\soundDriver.o
                                0x883 (size before relaxing)
 .debug_str     0x00004413       0xa5 Src\stm32l4xx_hal_msp.o
                               0x1144 (size before relaxing)
 .debug_str     0x000044b8       0x26 Src\stm32l4xx_it.o
                                0x212 (size before relaxing)
 .debug_str     0x000044de      0x1c3 Src\syscalls.o
                                0x941 (size before relaxing)
 .debug_str     0x000046a1       0x3b Src\system_stm32l4xx.o
                                0x42e (size before relaxing)

.comment        0x00000000       0x7e
 .comment       0x00000000       0x7e Drivers\STM32L4xx_HAL_Driver\Src\stm32l4xx_hal.o
                                 0x7f (size before relaxing)
 .comment       0x0000007e       0x7f Drivers\STM32L4xx_HAL_Driver\Src\stm32l4xx_hal_cortex.o
 .comment       0x0000007e       0x7f Drivers\STM32L4xx_HAL_Driver\Src\stm32l4xx_hal_gpio.o
 .comment       0x0000007e       0x7f Drivers\STM32L4xx_HAL_Driver\Src\stm32l4xx_hal_pwr_ex.o
 .comment       0x0000007e       0x7f Drivers\STM32L4xx_HAL_Driver\Src\stm32l4xx_hal_rcc.o
 .comment       0x0000007e       0x7f Drivers\STM32L4xx_HAL_Driver\Src\stm32l4xx_hal_rcc_ex.o
 .comment       0x0000007e       0x7f Drivers\STM32L4xx_HAL_Driver\Src\stm32l4xx_hal_tim.o
 .comment       0x0000007e       0x7f Drivers\STM32L4xx_HAL_Driver\Src\stm32l4xx_hal_tim_ex.o
 .comment       0x0000007e       0x7f Drivers\STM32L4xx_HAL_Driver\Src\stm32l4xx_hal_uart.o
 .comment       0x0000007e       0x7f Src\DebitMachine.o
 .comment       0x0000007e       0x7f Src\HD44780_F3.o
 .comment       0x0000007e       0x7f Src\debounce.o
 .comment       0x0000007e       0x7f Src\main.o
 .comment       0x0000007e       0x7f Src\soundDriver.o
 .comment       0x0000007e       0x7f Src\stm32l4xx_hal_msp.o
 .comment       0x0000007e       0x7f Src\stm32l4xx_it.o
 .comment       0x0000007e       0x7f Src\syscalls.o
 .comment       0x0000007e       0x7f Src\system_stm32l4xx.o

.debug_frame    0x00000000     0x2dcc
 .debug_frame   0x00000000      0x1b4 Drivers\STM32L4xx_HAL_Driver\Src\stm32l4xx_hal.o
 .debug_frame   0x000001b4      0x130 Drivers\STM32L4xx_HAL_Driver\Src\stm32l4xx_hal_cortex.o
 .debug_frame   0x000002e4       0xd4 Drivers\STM32L4xx_HAL_Driver\Src\stm32l4xx_hal_gpio.o
 .debug_frame   0x000003b8      0x1f8 Drivers\STM32L4xx_HAL_Driver\Src\stm32l4xx_hal_pwr_ex.o
 .debug_frame   0x000005b0      0x150 Drivers\STM32L4xx_HAL_Driver\Src\stm32l4xx_hal_rcc.o
 .debug_frame   0x00000700      0x274 Drivers\STM32L4xx_HAL_Driver\Src\stm32l4xx_hal_rcc_ex.o
 .debug_frame   0x00000974      0x8b0 Drivers\STM32L4xx_HAL_Driver\Src\stm32l4xx_hal_tim.o
 .debug_frame   0x00001224      0x370 Drivers\STM32L4xx_HAL_Driver\Src\stm32l4xx_hal_tim_ex.o
 .debug_frame   0x00001594      0x510 Drivers\STM32L4xx_HAL_Driver\Src\stm32l4xx_hal_uart.o
 .debug_frame   0x00001aa4      0x15c Src\DebitMachine.o
 .debug_frame   0x00001c00      0x13c Src\HD44780_F3.o
 .debug_frame   0x00001d3c       0x50 Src\debounce.o
 .debug_frame   0x00001d8c       0x60 Src\main.o
 .debug_frame   0x00001dec       0x58 Src\soundDriver.o
 .debug_frame   0x00001e44       0xc8 Src\stm32l4xx_hal_msp.o
 .debug_frame   0x00001f0c       0x2c Src\stm32l4xx_it.o
 .debug_frame   0x00001f38      0x188 Src\syscalls.o
 .debug_frame   0x000020c0       0x38 Src\system_stm32l4xx.o
 .debug_frame   0x000020f8       0x4c d:/soft/truestudio for arm 7.1.0/armtools/bin/../lib/gcc/arm-atollic-eabi/5.3.1/../../../../arm-atollic-eabi/lib/armv7e-m/fpu\libc_nano.a(lib_a-fpurge.o)
 .debug_frame   0x00002144       0x2c d:/soft/truestudio for arm 7.1.0/armtools/bin/../lib/gcc/arm-atollic-eabi/5.3.1/../../../../arm-atollic-eabi/lib/armv7e-m/fpu\libc_nano.a(lib_a-init.o)
 .debug_frame   0x00002170       0x20 d:/soft/truestudio for arm 7.1.0/armtools/bin/../lib/gcc/arm-atollic-eabi/5.3.1/../../../../arm-atollic-eabi/lib/armv7e-m/fpu\libc_nano.a(lib_a-memset.o)
 .debug_frame   0x00002190       0x38 d:/soft/truestudio for arm 7.1.0/armtools/bin/../lib/gcc/arm-atollic-eabi/5.3.1/../../../../arm-atollic-eabi/lib/armv7e-m/fpu\libc_nano.a(lib_a-nano-freer.o)
 .debug_frame   0x000021c8       0x2c d:/soft/truestudio for arm 7.1.0/armtools/bin/../lib/gcc/arm-atollic-eabi/5.3.1/../../../../arm-atollic-eabi/lib/armv7e-m/fpu\libc_nano.a(lib_a-nano-mallocr.o)
 .debug_frame   0x000021f4       0x74 d:/soft/truestudio for arm 7.1.0/armtools/bin/../lib/gcc/arm-atollic-eabi/5.3.1/../../../../arm-atollic-eabi/lib/armv7e-m/fpu\libc_nano.a(lib_a-printf.o)
 .debug_frame   0x00002268       0x5c d:/soft/truestudio for arm 7.1.0/armtools/bin/../lib/gcc/arm-atollic-eabi/5.3.1/../../../../arm-atollic-eabi/lib/armv7e-m/fpu\libc_nano.a(lib_a-reent.o)
 .debug_frame   0x000022c4       0x2c d:/soft/truestudio for arm 7.1.0/armtools/bin/../lib/gcc/arm-atollic-eabi/5.3.1/../../../../arm-atollic-eabi/lib/armv7e-m/fpu\libc_nano.a(lib_a-sbrkr.o)
 .debug_frame   0x000022f0       0x74 d:/soft/truestudio for arm 7.1.0/armtools/bin/../lib/gcc/arm-atollic-eabi/5.3.1/../../../../arm-atollic-eabi/lib/armv7e-m/fpu\libc_nano.a(lib_a-scanf.o)
 .debug_frame   0x00002364       0x74 d:/soft/truestudio for arm 7.1.0/armtools/bin/../lib/gcc/arm-atollic-eabi/5.3.1/../../../../arm-atollic-eabi/lib/armv7e-m/fpu\libc_nano.a(lib_a-snprintf.o)
 .debug_frame   0x000023d8       0x28 d:/soft/truestudio for arm 7.1.0/armtools/bin/../lib/gcc/arm-atollic-eabi/5.3.1/../../../../arm-atollic-eabi/lib/armv7e-m/fpu\libc_nano.a(lib_a-strcat.o)
 .debug_frame   0x00002400       0x20 d:/soft/truestudio for arm 7.1.0/armtools/bin/../lib/gcc/arm-atollic-eabi/5.3.1/../../../../arm-atollic-eabi/lib/armv7e-m/fpu\libc_nano.a(lib_a-strcpy.o)
 .debug_frame   0x00002420       0x28 d:/soft/truestudio for arm 7.1.0/armtools/bin/../lib/gcc/arm-atollic-eabi/5.3.1/../../../../arm-atollic-eabi/lib/armv7e-m/fpu\libc_nano.a(lib_a-strncpy.o)
 .debug_frame   0x00002448       0x30 d:/soft/truestudio for arm 7.1.0/armtools/bin/../lib/gcc/arm-atollic-eabi/5.3.1/../../../../arm-atollic-eabi/lib/armv7e-m/fpu\libc_nano.a(lib_a-strstr.o)
 .debug_frame   0x00002478      0x11c d:/soft/truestudio for arm 7.1.0/armtools/bin/../lib/gcc/arm-atollic-eabi/5.3.1/../../../../arm-atollic-eabi/lib/armv7e-m/fpu\libc_nano.a(lib_a-findfp.o)
 .debug_frame   0x00002594       0x54 d:/soft/truestudio for arm 7.1.0/armtools/bin/../lib/gcc/arm-atollic-eabi/5.3.1/../../../../arm-atollic-eabi/lib/armv7e-m/fpu\libc_nano.a(lib_a-fwalk.o)
 .debug_frame   0x000025e8       0x30 d:/soft/truestudio for arm 7.1.0/armtools/bin/../lib/gcc/arm-atollic-eabi/5.3.1/../../../../arm-atollic-eabi/lib/armv7e-m/fpu\libc_nano.a(lib_a-mlock.o)
 .debug_frame   0x00002618       0x90 d:/soft/truestudio for arm 7.1.0/armtools/bin/../lib/gcc/arm-atollic-eabi/5.3.1/../../../../arm-atollic-eabi/lib/armv7e-m/fpu\libc_nano.a(lib_a-nano-svfprintf.o)
 .debug_frame   0x000026a8       0xac d:/soft/truestudio for arm 7.1.0/armtools/bin/../lib/gcc/arm-atollic-eabi/5.3.1/../../../../arm-atollic-eabi/lib/armv7e-m/fpu\libc_nano.a(lib_a-nano-vfprintf.o)
 .debug_frame   0x00002754       0x60 d:/soft/truestudio for arm 7.1.0/armtools/bin/../lib/gcc/arm-atollic-eabi/5.3.1/../../../../arm-atollic-eabi/lib/armv7e-m/fpu\libc_nano.a(lib_a-nano-vfprintf_i.o)
 .debug_frame   0x000027b4       0xa0 d:/soft/truestudio for arm 7.1.0/armtools/bin/../lib/gcc/arm-atollic-eabi/5.3.1/../../../../arm-atollic-eabi/lib/armv7e-m/fpu\libc_nano.a(lib_a-nano-vfscanf.o)
 .debug_frame   0x00002854       0x60 d:/soft/truestudio for arm 7.1.0/armtools/bin/../lib/gcc/arm-atollic-eabi/5.3.1/../../../../arm-atollic-eabi/lib/armv7e-m/fpu\libc_nano.a(lib_a-nano-vfscanf_i.o)
 .debug_frame   0x000028b4       0x40 d:/soft/truestudio for arm 7.1.0/armtools/bin/../lib/gcc/arm-atollic-eabi/5.3.1/../../../../arm-atollic-eabi/lib/armv7e-m/fpu\libc_nano.a(lib_a-refill.o)
 .debug_frame   0x000028f4       0x2c d:/soft/truestudio for arm 7.1.0/armtools/bin/../lib/gcc/arm-atollic-eabi/5.3.1/../../../../arm-atollic-eabi/lib/armv7e-m/fpu\libc_nano.a(lib_a-sccl.o)
 .debug_frame   0x00002920       0x88 d:/soft/truestudio for arm 7.1.0/armtools/bin/../lib/gcc/arm-atollic-eabi/5.3.1/../../../../arm-atollic-eabi/lib/armv7e-m/fpu\libc_nano.a(lib_a-stdio.o)
 .debug_frame   0x000029a8       0x44 d:/soft/truestudio for arm 7.1.0/armtools/bin/../lib/gcc/arm-atollic-eabi/5.3.1/../../../../arm-atollic-eabi/lib/armv7e-m/fpu\libc_nano.a(lib_a-strtol.o)
 .debug_frame   0x000029ec       0x44 d:/soft/truestudio for arm 7.1.0/armtools/bin/../lib/gcc/arm-atollic-eabi/5.3.1/../../../../arm-atollic-eabi/lib/armv7e-m/fpu\libc_nano.a(lib_a-strtoul.o)
 .debug_frame   0x00002a30       0x60 d:/soft/truestudio for arm 7.1.0/armtools/bin/../lib/gcc/arm-atollic-eabi/5.3.1/../../../../arm-atollic-eabi/lib/armv7e-m/fpu\libc_nano.a(lib_a-ungetc.o)
 .debug_frame   0x00002a90       0x40 d:/soft/truestudio for arm 7.1.0/armtools/bin/../lib/gcc/arm-atollic-eabi/5.3.1/../../../../arm-atollic-eabi/lib/armv7e-m/fpu\libc_nano.a(lib_a-wbuf.o)
 .debug_frame   0x00002ad0       0x2c d:/soft/truestudio for arm 7.1.0/armtools/bin/../lib/gcc/arm-atollic-eabi/5.3.1/../../../../arm-atollic-eabi/lib/armv7e-m/fpu\libc_nano.a(lib_a-writer.o)
 .debug_frame   0x00002afc       0x2c d:/soft/truestudio for arm 7.1.0/armtools/bin/../lib/gcc/arm-atollic-eabi/5.3.1/../../../../arm-atollic-eabi/lib/armv7e-m/fpu\libc_nano.a(lib_a-wsetup.o)
 .debug_frame   0x00002b28       0x2c d:/soft/truestudio for arm 7.1.0/armtools/bin/../lib/gcc/arm-atollic-eabi/5.3.1/../../../../arm-atollic-eabi/lib/armv7e-m/fpu\libc_nano.a(lib_a-closer.o)
 .debug_frame   0x00002b54       0x68 d:/soft/truestudio for arm 7.1.0/armtools/bin/../lib/gcc/arm-atollic-eabi/5.3.1/../../../../arm-atollic-eabi/lib/armv7e-m/fpu\libc_nano.a(lib_a-fflush.o)
 .debug_frame   0x00002bbc       0x2c d:/soft/truestudio for arm 7.1.0/armtools/bin/../lib/gcc/arm-atollic-eabi/5.3.1/../../../../arm-atollic-eabi/lib/armv7e-m/fpu\libc_nano.a(lib_a-lseekr.o)
 .debug_frame   0x00002be8       0x54 d:/soft/truestudio for arm 7.1.0/armtools/bin/../lib/gcc/arm-atollic-eabi/5.3.1/../../../../arm-atollic-eabi/lib/armv7e-m/fpu\libc_nano.a(lib_a-makebuf.o)
 .debug_frame   0x00002c3c       0x28 d:/soft/truestudio for arm 7.1.0/armtools/bin/../lib/gcc/arm-atollic-eabi/5.3.1/../../../../arm-atollic-eabi/lib/armv7e-m/fpu\libc_nano.a(lib_a-memcpy-stub.o)
 .debug_frame   0x00002c64       0x28 d:/soft/truestudio for arm 7.1.0/armtools/bin/../lib/gcc/arm-atollic-eabi/5.3.1/../../../../arm-atollic-eabi/lib/armv7e-m/fpu\libc_nano.a(lib_a-memmove.o)
 .debug_frame   0x00002c8c       0x3c d:/soft/truestudio for arm 7.1.0/armtools/bin/../lib/gcc/arm-atollic-eabi/5.3.1/../../../../arm-atollic-eabi/lib/armv7e-m/fpu\libc_nano.a(lib_a-nano-reallocr.o)
 .debug_frame   0x00002cc8       0x2c d:/soft/truestudio for arm 7.1.0/armtools/bin/../lib/gcc/arm-atollic-eabi/5.3.1/../../../../arm-atollic-eabi/lib/armv7e-m/fpu\libc_nano.a(lib_a-readr.o)
 .debug_frame   0x00002cf4       0x2c d:/soft/truestudio for arm 7.1.0/armtools/bin/../lib/gcc/arm-atollic-eabi/5.3.1/../../../../arm-atollic-eabi/lib/armv7e-m/fpu\libc_nano.a(lib_a-fstatr.o)
 .debug_frame   0x00002d20       0x2c d:/soft/truestudio for arm 7.1.0/armtools/bin/../lib/gcc/arm-atollic-eabi/5.3.1/../../../../arm-atollic-eabi/lib/armv7e-m/fpu\libc_nano.a(lib_a-isattyr.o)
 .debug_frame   0x00002d4c       0x20 d:/soft/truestudio for arm 7.1.0/armtools/bin/../lib/gcc/arm-atollic-eabi/5.3.1/../../../../arm-atollic-eabi/lib/armv7e-m/fpu\libc_nano.a(lib_a-nano-msizer.o)
 .debug_frame   0x00002d6c       0x2c d:/soft/truestudio for arm 7.1.0/armtools/bin/../lib/gcc/arm-atollic-eabi/5.3.1/armv7e-m/fpu\libgcc.a(_aeabi_uldivmod.o)
 .debug_frame   0x00002d98       0x34 d:/soft/truestudio for arm 7.1.0/armtools/bin/../lib/gcc/arm-atollic-eabi/5.3.1/armv7e-m/fpu\libgcc.a(_udivmoddi4.o)

Cross Reference Table

Symbol                                            File
ADC1_IRQHandler                                   startup\startup_stm32l432xx.o
ADC_ConversionStop                                Drivers\STM32L4xx_HAL_Driver\Src\stm32l4xx_hal_adc.o
                                                  Drivers\STM32L4xx_HAL_Driver\Src\stm32l4xx_hal_adc_ex.o
ADC_DMAConvCplt                                   Drivers\STM32L4xx_HAL_Driver\Src\stm32l4xx_hal_adc.o
ADC_DMAError                                      Drivers\STM32L4xx_HAL_Driver\Src\stm32l4xx_hal_adc.o
ADC_DMAHalfConvCplt                               Drivers\STM32L4xx_HAL_Driver\Src\stm32l4xx_hal_adc.o
ADC_Disable                                       Drivers\STM32L4xx_HAL_Driver\Src\stm32l4xx_hal_adc.o
                                                  Drivers\STM32L4xx_HAL_Driver\Src\stm32l4xx_hal_adc_ex.o
ADC_Enable                                        Drivers\STM32L4xx_HAL_Driver\Src\stm32l4xx_hal_adc.o
                                                  Drivers\STM32L4xx_HAL_Driver\Src\stm32l4xx_hal_adc_ex.o
AHBPrescTable                                     Src\system_stm32l4xx.o
                                                  Drivers\STM32L4xx_HAL_Driver\Src\stm32l4xx_hal_rcc.o
APBPrescTable                                     Src\system_stm32l4xx.o
                                                  Drivers\STM32L4xx_HAL_Driver\Src\stm32l4xx_hal_rcc.o
BusFault_Handler                                  startup\startup_stm32l432xx.o
CAN1_RX0_IRQHandler                               startup\startup_stm32l432xx.o
CAN1_RX1_IRQHandler                               startup\startup_stm32l432xx.o
CAN1_SCE_IRQHandler                               startup\startup_stm32l432xx.o
CAN1_TX_IRQHandler                                startup\startup_stm32l432xx.o
COMP_IRQHandler                                   startup\startup_stm32l432xx.o
CRS_IRQHandler                                    startup\startup_stm32l432xx.o
DMA1_Channel1_IRQHandler                          startup\startup_stm32l432xx.o
DMA1_Channel2_IRQHandler                          startup\startup_stm32l432xx.o
DMA1_Channel3_IRQHandler                          startup\startup_stm32l432xx.o
DMA1_Channel4_IRQHandler                          startup\startup_stm32l432xx.o
DMA1_Channel5_IRQHandler                          startup\startup_stm32l432xx.o
DMA1_Channel6_IRQHandler                          startup\startup_stm32l432xx.o
DMA1_Channel7_IRQHandler                          startup\startup_stm32l432xx.o
DMA2_Channel1_IRQHandler                          startup\startup_stm32l432xx.o
DMA2_Channel2_IRQHandler                          startup\startup_stm32l432xx.o
DMA2_Channel3_IRQHandler                          startup\startup_stm32l432xx.o
DMA2_Channel4_IRQHandler                          startup\startup_stm32l432xx.o
DMA2_Channel5_IRQHandler                          startup\startup_stm32l432xx.o
DMA2_Channel6_IRQHandler                          startup\startup_stm32l432xx.o
DMA2_Channel7_IRQHandler                          startup\startup_stm32l432xx.o
DebugMon_Handler                                  startup\startup_stm32l432xx.o
Default_Handler                                   startup\startup_stm32l432xx.o
EXTI0_IRQHandler                                  startup\startup_stm32l432xx.o
EXTI15_10_IRQHandler                              startup\startup_stm32l432xx.o
EXTI1_IRQHandler                                  startup\startup_stm32l432xx.o
EXTI2_IRQHandler                                  startup\startup_stm32l432xx.o
EXTI3_IRQHandler                                  startup\startup_stm32l432xx.o
EXTI4_IRQHandler                                  startup\startup_stm32l432xx.o
EXTI9_5_IRQHandler                                startup\startup_stm32l432xx.o
Error_Handler                                     Src\main.o
                                                  Src\syscalls.o
                                                  Src\soundDriver.o
FLASH_FlushCaches                                 Drivers\STM32L4xx_HAL_Driver\Src\stm32l4xx_hal_flash_ex.o
                                                  Drivers\STM32L4xx_HAL_Driver\Src\stm32l4xx_hal_flash.o
FLASH_IRQHandler                                  startup\startup_stm32l432xx.o
FLASH_PageErase                                   Drivers\STM32L4xx_HAL_Driver\Src\stm32l4xx_hal_flash_ex.o
                                                  Drivers\STM32L4xx_HAL_Driver\Src\stm32l4xx_hal_flash.o
FLASH_WaitForLastOperation                        Drivers\STM32L4xx_HAL_Driver\Src\stm32l4xx_hal_flash.o
                                                  Drivers\STM32L4xx_HAL_Driver\Src\stm32l4xx_hal_flash_ex.o
FPU_IRQHandler                                    startup\startup_stm32l432xx.o
GPIO_ResetBits                                    Src\HD44780_F3.o
GPIO_SetBits                                      Src\HD44780_F3.o
HAL_ADCEx_Calibration_GetValue                    Drivers\STM32L4xx_HAL_Driver\Src\stm32l4xx_hal_adc_ex.o
HAL_ADCEx_Calibration_SetValue                    Drivers\STM32L4xx_HAL_Driver\Src\stm32l4xx_hal_adc_ex.o
HAL_ADCEx_Calibration_Start                       Drivers\STM32L4xx_HAL_Driver\Src\stm32l4xx_hal_adc_ex.o
HAL_ADCEx_DisableInjectedQueue                    Drivers\STM32L4xx_HAL_Driver\Src\stm32l4xx_hal_adc_ex.o
HAL_ADCEx_DisableVoltageRegulator                 Drivers\STM32L4xx_HAL_Driver\Src\stm32l4xx_hal_adc_ex.o
HAL_ADCEx_EnableInjectedQueue                     Drivers\STM32L4xx_HAL_Driver\Src\stm32l4xx_hal_adc_ex.o
HAL_ADCEx_EndOfSamplingCallback                   Drivers\STM32L4xx_HAL_Driver\Src\stm32l4xx_hal_adc_ex.o
                                                  Drivers\STM32L4xx_HAL_Driver\Src\stm32l4xx_hal_adc.o
HAL_ADCEx_EnterADCDeepPowerDownMode               Drivers\STM32L4xx_HAL_Driver\Src\stm32l4xx_hal_adc_ex.o
HAL_ADCEx_InjectedConfigChannel                   Drivers\STM32L4xx_HAL_Driver\Src\stm32l4xx_hal_adc_ex.o
HAL_ADCEx_InjectedConvCpltCallback                Drivers\STM32L4xx_HAL_Driver\Src\stm32l4xx_hal_adc_ex.o
                                                  Drivers\STM32L4xx_HAL_Driver\Src\stm32l4xx_hal_adc.o
HAL_ADCEx_InjectedGetValue                        Drivers\STM32L4xx_HAL_Driver\Src\stm32l4xx_hal_adc_ex.o
HAL_ADCEx_InjectedPollForConversion               Drivers\STM32L4xx_HAL_Driver\Src\stm32l4xx_hal_adc_ex.o
HAL_ADCEx_InjectedQueueOverflowCallback           Drivers\STM32L4xx_HAL_Driver\Src\stm32l4xx_hal_adc_ex.o
                                                  Drivers\STM32L4xx_HAL_Driver\Src\stm32l4xx_hal_adc.o
HAL_ADCEx_InjectedStart                           Drivers\STM32L4xx_HAL_Driver\Src\stm32l4xx_hal_adc_ex.o
HAL_ADCEx_InjectedStart_IT                        Drivers\STM32L4xx_HAL_Driver\Src\stm32l4xx_hal_adc_ex.o
HAL_ADCEx_InjectedStop                            Drivers\STM32L4xx_HAL_Driver\Src\stm32l4xx_hal_adc_ex.o
HAL_ADCEx_InjectedStop_IT                         Drivers\STM32L4xx_HAL_Driver\Src\stm32l4xx_hal_adc_ex.o
HAL_ADCEx_LevelOutOfWindow2Callback               Drivers\STM32L4xx_HAL_Driver\Src\stm32l4xx_hal_adc_ex.o